sample split: train=953 val=260 test=163 dropped=12 input_dim=12
training: device=cuda epochs=40 batch_size=64 ctx_dim=10 conditioning=vehicle_direct_coarse_fine
/root/miniconda3/lib/python3.12/site-packages/torch/autograd/graph.py:825: UserWarning: upsample_linear1d_backward_out_cuda does not have a deterministic implementation, but you set 'torch.use_deterministic_algorithms(True, warn_only=True)'. You can file an issue at https://github.com/pytorch/pytorch/issues to help us prioritize adding deterministic support for this operation. (Triggered internally at ../aten/src/ATen/Context.cpp:91.)
  return Variable._execution_engine.run_backward(  # Calls into the C++ engine to run the backward pass
Epoch 001/040 train_loss=2.83263 val_rmse=0.73440 val_tail=0.68976 selection=1.31868 best_epoch=1
/root/miniconda3/lib/python3.12/site-packages/torch/autograd/graph.py:825: UserWarning: upsample_linear1d_backward_out_cuda does not have a deterministic implementation, but you set 'torch.use_deterministic_algorithms(True, warn_only=True)'. You can file an issue at https://github.com/pytorch/pytorch/issues to help us prioritize adding deterministic support for this operation. (Triggered internally at ../aten/src/ATen/Context.cpp:91.)
  return Variable._execution_engine.run_backward(  # Calls into the C++ engine to run the backward pass
Epoch 002/040 train_loss=2.00243 val_rmse=0.70901 val_tail=0.67572 selection=1.28548 best_epoch=2
/root/miniconda3/lib/python3.12/site-packages/torch/autograd/graph.py:825: UserWarning: upsample_linear1d_backward_out_cuda does not have a deterministic implementation, but you set 'torch.use_deterministic_algorithms(True, warn_only=True)'. You can file an issue at https://github.com/pytorch/pytorch/issues to help us prioritize adding deterministic support for this operation. (Triggered internally at ../aten/src/ATen/Context.cpp:91.)
  return Variable._execution_engine.run_backward(  # Calls into the C++ engine to run the backward pass
Epoch 003/040 train_loss=1.83495 val_rmse=0.70122 val_tail=0.66519 selection=1.29133 best_epoch=3
/root/miniconda3/lib/python3.12/site-packages/torch/autograd/graph.py:825: UserWarning: upsample_linear1d_backward_out_cuda does not have a deterministic implementation, but you set 'torch.use_deterministic_algorithms(True, warn_only=True)'. You can file an issue at https://github.com/pytorch/pytorch/issues to help us prioritize adding deterministic support for this operation. (Triggered internally at ../aten/src/ATen/Context.cpp:91.)
  return Variable._execution_engine.run_backward(  # Calls into the C++ engine to run the backward pass
Epoch 004/040 train_loss=1.79936 val_rmse=0.70006 val_tail=0.67450 selection=1.28124 best_epoch=4
/root/miniconda3/lib/python3.12/site-packages/torch/autograd/graph.py:825: UserWarning: upsample_linear1d_backward_out_cuda does not have a deterministic implementation, but you set 'torch.use_deterministic_algorithms(True, warn_only=True)'. You can file an issue at https://github.com/pytorch/pytorch/issues to help us prioritize adding deterministic support for this operation. (Triggered internally at ../aten/src/ATen/Context.cpp:91.)
  return Variable._execution_engine.run_backward(  # Calls into the C++ engine to run the backward pass
Epoch 005/040 train_loss=1.70234 val_rmse=0.69972 val_tail=0.62693 selection=1.26588 best_epoch=5
/root/miniconda3/lib/python3.12/site-packages/torch/autograd/graph.py:825: UserWarning: upsample_linear1d_backward_out_cuda does not have a deterministic implementation, but you set 'torch.use_deterministic_algorithms(True, warn_only=True)'. You can file an issue at https://github.com/pytorch/pytorch/issues to help us prioritize adding deterministic support for this operation. (Triggered internally at ../aten/src/ATen/Context.cpp:91.)
  return Variable._execution_engine.run_backward(  # Calls into the C++ engine to run the backward pass
Epoch 006/040 train_loss=1.64350 val_rmse=0.69568 val_tail=0.64664 selection=1.27203 best_epoch=6
/root/miniconda3/lib/python3.12/site-packages/torch/autograd/graph.py:825: UserWarning: upsample_linear1d_backward_out_cuda does not have a deterministic implementation, but you set 'torch.use_deterministic_algorithms(True, warn_only=True)'. You can file an issue at https://github.com/pytorch/pytorch/issues to help us prioritize adding deterministic support for this operation. (Triggered internally at ../aten/src/ATen/Context.cpp:91.)
  return Variable._execution_engine.run_backward(  # Calls into the C++ engine to run the backward pass
Epoch 007/040 train_loss=1.64299 val_rmse=0.71224 val_tail=0.63070 selection=1.28724 best_epoch=6
/root/miniconda3/lib/python3.12/site-packages/torch/autograd/graph.py:825: UserWarning: upsample_linear1d_backward_out_cuda does not have a deterministic implementation, but you set 'torch.use_deterministic_algorithms(True, warn_only=True)'. You can file an issue at https://github.com/pytorch/pytorch/issues to help us prioritize adding deterministic support for this operation. (Triggered internally at ../aten/src/ATen/Context.cpp:91.)
  return Variable._execution_engine.run_backward(  # Calls into the C++ engine to run the backward pass
Epoch 008/040 train_loss=1.56046 val_rmse=0.71451 val_tail=0.65450 selection=1.27304 best_epoch=6
/root/miniconda3/lib/python3.12/site-packages/torch/autograd/graph.py:825: UserWarning: upsample_linear1d_backward_out_cuda does not have a deterministic implementation, but you set 'torch.use_deterministic_algorithms(True, warn_only=True)'. You can file an issue at https://github.com/pytorch/pytorch/issues to help us prioritize adding deterministic support for this operation. (Triggered internally at ../aten/src/ATen/Context.cpp:91.)
  return Variable._execution_engine.run_backward(  # Calls into the C++ engine to run the backward pass
Epoch 009/040 train_loss=1.50812 val_rmse=0.72732 val_tail=0.63665 selection=1.27773 best_epoch=6
/root/miniconda3/lib/python3.12/site-packages/torch/autograd/graph.py:825: UserWarning: upsample_linear1d_backward_out_cuda does not have a deterministic implementation, but you set 'torch.use_deterministic_algorithms(True, warn_only=True)'. You can file an issue at https://github.com/pytorch/pytorch/issues to help us prioritize adding deterministic support for this operation. (Triggered internally at ../aten/src/ATen/Context.cpp:91.)
  return Variable._execution_engine.run_backward(  # Calls into the C++ engine to run the backward pass
Epoch 010/040 train_loss=1.45006 val_rmse=0.70141 val_tail=0.61735 selection=1.25934 best_epoch=6
/root/miniconda3/lib/python3.12/site-packages/torch/autograd/graph.py:825: UserWarning: upsample_linear1d_backward_out_cuda does not have a deterministic implementation, but you set 'torch.use_deterministic_algorithms(True, warn_only=True)'. You can file an issue at https://github.com/pytorch/pytorch/issues to help us prioritize adding deterministic support for this operation. (Triggered internally at ../aten/src/ATen/Context.cpp:91.)
  return Variable._execution_engine.run_backward(  # Calls into the C++ engine to run the backward pass
Epoch 011/040 train_loss=1.42058 val_rmse=0.71260 val_tail=0.58297 selection=1.23691 best_epoch=6
/root/miniconda3/lib/python3.12/site-packages/torch/autograd/graph.py:825: UserWarning: upsample_linear1d_backward_out_cuda does not have a deterministic implementation, but you set 'torch.use_deterministic_algorithms(True, warn_only=True)'. You can file an issue at https://github.com/pytorch/pytorch/issues to help us prioritize adding deterministic support for this operation. (Triggered internally at ../aten/src/ATen/Context.cpp:91.)
  return Variable._execution_engine.run_backward(  # Calls into the C++ engine to run the backward pass
Epoch 012/040 train_loss=1.40424 val_rmse=0.68584 val_tail=0.62450 selection=1.24849 best_epoch=12
/root/miniconda3/lib/python3.12/site-packages/torch/autograd/graph.py:825: UserWarning: upsample_linear1d_backward_out_cuda does not have a deterministic implementation, but you set 'torch.use_deterministic_algorithms(True, warn_only=True)'. You can file an issue at https://github.com/pytorch/pytorch/issues to help us prioritize adding deterministic support for this operation. (Triggered internally at ../aten/src/ATen/Context.cpp:91.)
  return Variable._execution_engine.run_backward(  # Calls into the C++ engine to run the backward pass
Epoch 013/040 train_loss=1.30937 val_rmse=0.68509 val_tail=0.58641 selection=1.22390 best_epoch=13
/root/miniconda3/lib/python3.12/site-packages/torch/autograd/graph.py:825: UserWarning: upsample_linear1d_backward_out_cuda does not have a deterministic implementation, but you set 'torch.use_deterministic_algorithms(True, warn_only=True)'. You can file an issue at https://github.com/pytorch/pytorch/issues to help us prioritize adding deterministic support for this operation. (Triggered internally at ../aten/src/ATen/Context.cpp:91.)
  return Variable._execution_engine.run_backward(  # Calls into the C++ engine to run the backward pass
Epoch 014/040 train_loss=1.26567 val_rmse=0.63693 val_tail=0.60331 selection=1.19421 best_epoch=14
/root/miniconda3/lib/python3.12/site-packages/torch/autograd/graph.py:825: UserWarning: upsample_linear1d_backward_out_cuda does not have a deterministic implementation, but you set 'torch.use_deterministic_algorithms(True, warn_only=True)'. You can file an issue at https://github.com/pytorch/pytorch/issues to help us prioritize adding deterministic support for this operation. (Triggered internally at ../aten/src/ATen/Context.cpp:91.)
  return Variable._execution_engine.run_backward(  # Calls into the C++ engine to run the backward pass
Epoch 015/040 train_loss=1.14749 val_rmse=0.59994 val_tail=0.58723 selection=1.14694 best_epoch=15
/root/miniconda3/lib/python3.12/site-packages/torch/autograd/graph.py:825: UserWarning: upsample_linear1d_backward_out_cuda does not have a deterministic implementation, but you set 'torch.use_deterministic_algorithms(True, warn_only=True)'. You can file an issue at https://github.com/pytorch/pytorch/issues to help us prioritize adding deterministic support for this operation. (Triggered internally at ../aten/src/ATen/Context.cpp:91.)
  return Variable._execution_engine.run_backward(  # Calls into the C++ engine to run the backward pass
Epoch 016/040 train_loss=1.06806 val_rmse=0.61643 val_tail=0.60193 selection=1.15690 best_epoch=15
/root/miniconda3/lib/python3.12/site-packages/torch/autograd/graph.py:825: UserWarning: upsample_linear1d_backward_out_cuda does not have a deterministic implementation, but you set 'torch.use_deterministic_algorithms(True, warn_only=True)'. You can file an issue at https://github.com/pytorch/pytorch/issues to help us prioritize adding deterministic support for this operation. (Triggered internally at ../aten/src/ATen/Context.cpp:91.)
  return Variable._execution_engine.run_backward(  # Calls into the C++ engine to run the backward pass
Epoch 017/040 train_loss=1.00608 val_rmse=0.62435 val_tail=0.60272 selection=1.15667 best_epoch=15
/root/miniconda3/lib/python3.12/site-packages/torch/autograd/graph.py:825: UserWarning: upsample_linear1d_backward_out_cuda does not have a deterministic implementation, but you set 'torch.use_deterministic_algorithms(True, warn_only=True)'. You can file an issue at https://github.com/pytorch/pytorch/issues to help us prioritize adding deterministic support for this operation. (Triggered internally at ../aten/src/ATen/Context.cpp:91.)
  return Variable._execution_engine.run_backward(  # Calls into the C++ engine to run the backward pass
Epoch 018/040 train_loss=0.93531 val_rmse=0.58406 val_tail=0.59525 selection=1.14456 best_epoch=18
/root/miniconda3/lib/python3.12/site-packages/torch/autograd/graph.py:825: UserWarning: upsample_linear1d_backward_out_cuda does not have a deterministic implementation, but you set 'torch.use_deterministic_algorithms(True, warn_only=True)'. You can file an issue at https://github.com/pytorch/pytorch/issues to help us prioritize adding deterministic support for this operation. (Triggered internally at ../aten/src/ATen/Context.cpp:91.)
  return Variable._execution_engine.run_backward(  # Calls into the C++ engine to run the backward pass
Epoch 019/040 train_loss=0.89054 val_rmse=0.58738 val_tail=0.57938 selection=1.11614 best_epoch=18
/root/miniconda3/lib/python3.12/site-packages/torch/autograd/graph.py:825: UserWarning: upsample_linear1d_backward_out_cuda does not have a deterministic implementation, but you set 'torch.use_deterministic_algorithms(True, warn_only=True)'. You can file an issue at https://github.com/pytorch/pytorch/issues to help us prioritize adding deterministic support for this operation. (Triggered internally at ../aten/src/ATen/Context.cpp:91.)
  return Variable._execution_engine.run_backward(  # Calls into the C++ engine to run the backward pass
Epoch 020/040 train_loss=0.90118 val_rmse=0.60168 val_tail=0.60528 selection=1.14788 best_epoch=18
/root/miniconda3/lib/python3.12/site-packages/torch/autograd/graph.py:825: UserWarning: upsample_linear1d_backward_out_cuda does not have a deterministic implementation, but you set 'torch.use_deterministic_algorithms(True, warn_only=True)'. You can file an issue at https://github.com/pytorch/pytorch/issues to help us prioritize adding deterministic support for this operation. (Triggered internally at ../aten/src/ATen/Context.cpp:91.)
  return Variable._execution_engine.run_backward(  # Calls into the C++ engine to run the backward pass
Epoch 021/040 train_loss=0.83045 val_rmse=0.60632 val_tail=0.63596 selection=1.17004 best_epoch=18
/root/miniconda3/lib/python3.12/site-packages/torch/autograd/graph.py:825: UserWarning: upsample_linear1d_backward_out_cuda does not have a deterministic implementation, but you set 'torch.use_deterministic_algorithms(True, warn_only=True)'. You can file an issue at https://github.com/pytorch/pytorch/issues to help us prioritize adding deterministic support for this operation. (Triggered internally at ../aten/src/ATen/Context.cpp:91.)
  return Variable._execution_engine.run_backward(  # Calls into the C++ engine to run the backward pass
Epoch 022/040 train_loss=0.82608 val_rmse=0.59029 val_tail=0.59448 selection=1.12051 best_epoch=18
/root/miniconda3/lib/python3.12/site-packages/torch/autograd/graph.py:825: UserWarning: upsample_linear1d_backward_out_cuda does not have a deterministic implementation, but you set 'torch.use_deterministic_algorithms(True, warn_only=True)'. You can file an issue at https://github.com/pytorch/pytorch/issues to help us prioritize adding deterministic support for this operation. (Triggered internally at ../aten/src/ATen/Context.cpp:91.)
  return Variable._execution_engine.run_backward(  # Calls into the C++ engine to run the backward pass
Epoch 023/040 train_loss=0.84982 val_rmse=0.59793 val_tail=0.56966 selection=1.10524 best_epoch=18
/root/miniconda3/lib/python3.12/site-packages/torch/autograd/graph.py:825: UserWarning: upsample_linear1d_backward_out_cuda does not have a deterministic implementation, but you set 'torch.use_deterministic_algorithms(True, warn_only=True)'. You can file an issue at https://github.com/pytorch/pytorch/issues to help us prioritize adding deterministic support for this operation. (Triggered internally at ../aten/src/ATen/Context.cpp:91.)
  return Variable._execution_engine.run_backward(  # Calls into the C++ engine to run the backward pass
Epoch 024/040 train_loss=0.77378 val_rmse=0.57137 val_tail=0.58861 selection=1.12217 best_epoch=24
/root/miniconda3/lib/python3.12/site-packages/torch/autograd/graph.py:825: UserWarning: upsample_linear1d_backward_out_cuda does not have a deterministic implementation, but you set 'torch.use_deterministic_algorithms(True, warn_only=True)'. You can file an issue at https://github.com/pytorch/pytorch/issues to help us prioritize adding deterministic support for this operation. (Triggered internally at ../aten/src/ATen/Context.cpp:91.)
  return Variable._execution_engine.run_backward(  # Calls into the C++ engine to run the backward pass
Epoch 025/040 train_loss=0.75466 val_rmse=0.59623 val_tail=0.59394 selection=1.12635 best_epoch=24
/root/miniconda3/lib/python3.12/site-packages/torch/autograd/graph.py:825: UserWarning: upsample_linear1d_backward_out_cuda does not have a deterministic implementation, but you set 'torch.use_deterministic_algorithms(True, warn_only=True)'. You can file an issue at https://github.com/pytorch/pytorch/issues to help us prioritize adding deterministic support for this operation. (Triggered internally at ../aten/src/ATen/Context.cpp:91.)
  return Variable._execution_engine.run_backward(  # Calls into the C++ engine to run the backward pass
Epoch 026/040 train_loss=0.73701 val_rmse=0.57391 val_tail=0.58654 selection=1.14061 best_epoch=24
/root/miniconda3/lib/python3.12/site-packages/torch/autograd/graph.py:825: UserWarning: upsample_linear1d_backward_out_cuda does not have a deterministic implementation, but you set 'torch.use_deterministic_algorithms(True, warn_only=True)'. You can file an issue at https://github.com/pytorch/pytorch/issues to help us prioritize adding deterministic support for this operation. (Triggered internally at ../aten/src/ATen/Context.cpp:91.)
  return Variable._execution_engine.run_backward(  # Calls into the C++ engine to run the backward pass
Epoch 027/040 train_loss=0.69195 val_rmse=0.58009 val_tail=0.59284 selection=1.12857 best_epoch=24
/root/miniconda3/lib/python3.12/site-packages/torch/autograd/graph.py:825: UserWarning: upsample_linear1d_backward_out_cuda does not have a deterministic implementation, but you set 'torch.use_deterministic_algorithms(True, warn_only=True)'. You can file an issue at https://github.com/pytorch/pytorch/issues to help us prioritize adding deterministic support for this operation. (Triggered internally at ../aten/src/ATen/Context.cpp:91.)
  return Variable._execution_engine.run_backward(  # Calls into the C++ engine to run the backward pass
Epoch 028/040 train_loss=0.74359 val_rmse=0.60806 val_tail=0.61123 selection=1.14964 best_epoch=24
/root/miniconda3/lib/python3.12/site-packages/torch/autograd/graph.py:825: UserWarning: upsample_linear1d_backward_out_cuda does not have a deterministic implementation, but you set 'torch.use_deterministic_algorithms(True, warn_only=True)'. You can file an issue at https://github.com/pytorch/pytorch/issues to help us prioritize adding deterministic support for this operation. (Triggered internally at ../aten/src/ATen/Context.cpp:91.)
  return Variable._execution_engine.run_backward(  # Calls into the C++ engine to run the backward pass
Epoch 029/040 train_loss=0.66404 val_rmse=0.59249 val_tail=0.59171 selection=1.13946 best_epoch=24
/root/miniconda3/lib/python3.12/site-packages/torch/autograd/graph.py:825: UserWarning: upsample_linear1d_backward_out_cuda does not have a deterministic implementation, but you set 'torch.use_deterministic_algorithms(True, warn_only=True)'. You can file an issue at https://github.com/pytorch/pytorch/issues to help us prioritize adding deterministic support for this operation. (Triggered internally at ../aten/src/ATen/Context.cpp:91.)
  return Variable._execution_engine.run_backward(  # Calls into the C++ engine to run the backward pass
Epoch 030/040 train_loss=0.62927 val_rmse=0.58728 val_tail=0.60645 selection=1.13066 best_epoch=24
/root/miniconda3/lib/python3.12/site-packages/torch/autograd/graph.py:825: UserWarning: upsample_linear1d_backward_out_cuda does not have a deterministic implementation, but you set 'torch.use_deterministic_algorithms(True, warn_only=True)'. You can file an issue at https://github.com/pytorch/pytorch/issues to help us prioritize adding deterministic support for this operation. (Triggered internally at ../aten/src/ATen/Context.cpp:91.)
  return Variable._execution_engine.run_backward(  # Calls into the C++ engine to run the backward pass
Epoch 031/040 train_loss=0.63055 val_rmse=0.58361 val_tail=0.59572 selection=1.13098 best_epoch=24
/root/miniconda3/lib/python3.12/site-packages/torch/autograd/graph.py:825: UserWarning: upsample_linear1d_backward_out_cuda does not have a deterministic implementation, but you set 'torch.use_deterministic_algorithms(True, warn_only=True)'. You can file an issue at https://github.com/pytorch/pytorch/issues to help us prioritize adding deterministic support for this operation. (Triggered internally at ../aten/src/ATen/Context.cpp:91.)
  return Variable._execution_engine.run_backward(  # Calls into the C++ engine to run the backward pass
Epoch 032/040 train_loss=0.61650 val_rmse=0.58667 val_tail=0.60860 selection=1.12221 best_epoch=24
/root/miniconda3/lib/python3.12/site-packages/torch/autograd/graph.py:825: UserWarning: upsample_linear1d_backward_out_cuda does not have a deterministic implementation, but you set 'torch.use_deterministic_algorithms(True, warn_only=True)'. You can file an issue at https://github.com/pytorch/pytorch/issues to help us prioritize adding deterministic support for this operation. (Triggered internally at ../aten/src/ATen/Context.cpp:91.)
  return Variable._execution_engine.run_backward(  # Calls into the C++ engine to run the backward pass
Epoch 033/040 train_loss=0.65072 val_rmse=0.60584 val_tail=0.61722 selection=1.14078 best_epoch=24
/root/miniconda3/lib/python3.12/site-packages/torch/autograd/graph.py:825: UserWarning: upsample_linear1d_backward_out_cuda does not have a deterministic implementation, but you set 'torch.use_deterministic_algorithms(True, warn_only=True)'. You can file an issue at https://github.com/pytorch/pytorch/issues to help us prioritize adding deterministic support for this operation. (Triggered internally at ../aten/src/ATen/Context.cpp:91.)
  return Variable._execution_engine.run_backward(  # Calls into the C++ engine to run the backward pass
Epoch 034/040 train_loss=0.65480 val_rmse=0.56589 val_tail=0.58015 selection=1.10623 best_epoch=34
/root/miniconda3/lib/python3.12/site-packages/torch/autograd/graph.py:825: UserWarning: upsample_linear1d_backward_out_cuda does not have a deterministic implementation, but you set 'torch.use_deterministic_algorithms(True, warn_only=True)'. You can file an issue at https://github.com/pytorch/pytorch/issues to help us prioritize adding deterministic support for this operation. (Triggered internally at ../aten/src/ATen/Context.cpp:91.)
  return Variable._execution_engine.run_backward(  # Calls into the C++ engine to run the backward pass
Epoch 035/040 train_loss=0.60421 val_rmse=0.59242 val_tail=0.60009 selection=1.12080 best_epoch=34
/root/miniconda3/lib/python3.12/site-packages/torch/autograd/graph.py:825: UserWarning: upsample_linear1d_backward_out_cuda does not have a deterministic implementation, but you set 'torch.use_deterministic_algorithms(True, warn_only=True)'. You can file an issue at https://github.com/pytorch/pytorch/issues to help us prioritize adding deterministic support for this operation. (Triggered internally at ../aten/src/ATen/Context.cpp:91.)
  return Variable._execution_engine.run_backward(  # Calls into the C++ engine to run the backward pass
Epoch 036/040 train_loss=0.56858 val_rmse=0.56884 val_tail=0.57068 selection=1.09135 best_epoch=34
/root/miniconda3/lib/python3.12/site-packages/torch/autograd/graph.py:825: UserWarning: upsample_linear1d_backward_out_cuda does not have a deterministic implementation, but you set 'torch.use_deterministic_algorithms(True, warn_only=True)'. You can file an issue at https://github.com/pytorch/pytorch/issues to help us prioritize adding deterministic support for this operation. (Triggered internally at ../aten/src/ATen/Context.cpp:91.)
  return Variable._execution_engine.run_backward(  # Calls into the C++ engine to run the backward pass
Epoch 037/040 train_loss=0.60218 val_rmse=0.57833 val_tail=0.58132 selection=1.13062 best_epoch=34
/root/miniconda3/lib/python3.12/site-packages/torch/autograd/graph.py:825: UserWarning: upsample_linear1d_backward_out_cuda does not have a deterministic implementation, but you set 'torch.use_deterministic_algorithms(True, warn_only=True)'. You can file an issue at https://github.com/pytorch/pytorch/issues to help us prioritize adding deterministic support for this operation. (Triggered internally at ../aten/src/ATen/Context.cpp:91.)
  return Variable._execution_engine.run_backward(  # Calls into the C++ engine to run the backward pass
Epoch 038/040 train_loss=0.56000 val_rmse=0.58788 val_tail=0.58214 selection=1.12871 best_epoch=34
/root/miniconda3/lib/python3.12/site-packages/torch/autograd/graph.py:825: UserWarning: upsample_linear1d_backward_out_cuda does not have a deterministic implementation, but you set 'torch.use_deterministic_algorithms(True, warn_only=True)'. You can file an issue at https://github.com/pytorch/pytorch/issues to help us prioritize adding deterministic support for this operation. (Triggered internally at ../aten/src/ATen/Context.cpp:91.)
  return Variable._execution_engine.run_backward(  # Calls into the C++ engine to run the backward pass
Epoch 039/040 train_loss=0.53538 val_rmse=0.55657 val_tail=0.57713 selection=1.09174 best_epoch=39
/root/miniconda3/lib/python3.12/site-packages/torch/autograd/graph.py:825: UserWarning: upsample_linear1d_backward_out_cuda does not have a deterministic implementation, but you set 'torch.use_deterministic_algorithms(True, warn_only=True)'. You can file an issue at https://github.com/pytorch/pytorch/issues to help us prioritize adding deterministic support for this operation. (Triggered internally at ../aten/src/ATen/Context.cpp:91.)
  return Variable._execution_engine.run_backward(  # Calls into the C++ engine to run the backward pass
Epoch 040/040 train_loss=0.54253 val_rmse=0.54773 val_tail=0.55393 selection=1.08575 best_epoch=40
/root/autodl-tmp/data_process/02_code/final_code/model/training/fair_vehicle_event_comparison_20260427/prediction_plotting.py:470: UserWarning: Glyph 27178 (\N{CJK UNIFIED IDEOGRAPH-6A2A}) missing from font(s) DejaVu Sans.
  fig.tight_layout()
/root/autodl-tmp/data_process/02_code/final_code/model/training/fair_vehicle_event_comparison_20260427/prediction_plotting.py:470: UserWarning: Glyph 28378 (\N{CJK UNIFIED IDEOGRAPH-6EDA}) missing from font(s) DejaVu Sans.
  fig.tight_layout()
/root/autodl-tmp/data_process/02_code/final_code/model/training/fair_vehicle_event_comparison_20260427/prediction_plotting.py:470: UserWarning: Glyph 23039 (\N{CJK UNIFIED IDEOGRAPH-59FF}) missing from font(s) DejaVu Sans.
  fig.tight_layout()
/root/autodl-tmp/data_process/02_code/final_code/model/training/fair_vehicle_event_comparison_20260427/prediction_plotting.py:470: UserWarning: Glyph 24577 (\N{CJK UNIFIED IDEOGRAPH-6001}) missing from font(s) DejaVu Sans.
  fig.tight_layout()
/root/autodl-tmp/data_process/02_code/final_code/model/training/fair_vehicle_event_comparison_20260427/prediction_plotting.py:472: UserWarning: Glyph 27178 (\N{CJK UNIFIED IDEOGRAPH-6A2A}) missing from font(s) DejaVu Sans.
  fig.savefig(out_path, dpi=180)
/root/autodl-tmp/data_process/02_code/final_code/model/training/fair_vehicle_event_comparison_20260427/prediction_plotting.py:472: UserWarning: Glyph 28378 (\N{CJK UNIFIED IDEOGRAPH-6EDA}) missing from font(s) DejaVu Sans.
  fig.savefig(out_path, dpi=180)
/root/autodl-tmp/data_process/02_code/final_code/model/training/fair_vehicle_event_comparison_20260427/prediction_plotting.py:472: UserWarning: Glyph 23039 (\N{CJK UNIFIED IDEOGRAPH-59FF}) missing from font(s) DejaVu Sans.
  fig.savefig(out_path, dpi=180)
/root/autodl-tmp/data_process/02_code/final_code/model/training/fair_vehicle_event_comparison_20260427/prediction_plotting.py:472: UserWarning: Glyph 24577 (\N{CJK UNIFIED IDEOGRAPH-6001}) missing from font(s) DejaVu Sans.
  fig.savefig(out_path, dpi=180)
/root/autodl-tmp/data_process/02_code/final_code/model/training/fair_vehicle_event_comparison_20260427/prediction_plotting.py:470: UserWarning: Glyph 24367 (\N{CJK UNIFIED IDEOGRAPH-5F2F}) missing from font(s) DejaVu Sans.
  fig.tight_layout()
/root/autodl-tmp/data_process/02_code/final_code/model/training/fair_vehicle_event_comparison_20260427/prediction_plotting.py:470: UserWarning: Glyph 36947 (\N{CJK UNIFIED IDEOGRAPH-9053}) missing from font(s) DejaVu Sans.
  fig.tight_layout()
/root/autodl-tmp/data_process/02_code/final_code/model/training/fair_vehicle_event_comparison_20260427/prediction_plotting.py:470: UserWarning: Glyph 26354 (\N{CJK UNIFIED IDEOGRAPH-66F2}) missing from font(s) DejaVu Sans.
  fig.tight_layout()
/root/autodl-tmp/data_process/02_code/final_code/model/training/fair_vehicle_event_comparison_20260427/prediction_plotting.py:470: UserWarning: Glyph 29575 (\N{CJK UNIFIED IDEOGRAPH-7387}) missing from font(s) DejaVu Sans.
  fig.tight_layout()
/root/autodl-tmp/data_process/02_code/final_code/model/training/fair_vehicle_event_comparison_20260427/prediction_plotting.py:472: UserWarning: Glyph 24367 (\N{CJK UNIFIED IDEOGRAPH-5F2F}) missing from font(s) DejaVu Sans.
  fig.savefig(out_path, dpi=180)
/root/autodl-tmp/data_process/02_code/final_code/model/training/fair_vehicle_event_comparison_20260427/prediction_plotting.py:472: UserWarning: Glyph 36947 (\N{CJK UNIFIED IDEOGRAPH-9053}) missing from font(s) DejaVu Sans.
  fig.savefig(out_path, dpi=180)
/root/autodl-tmp/data_process/02_code/final_code/model/training/fair_vehicle_event_comparison_20260427/prediction_plotting.py:472: UserWarning: Glyph 26354 (\N{CJK UNIFIED IDEOGRAPH-66F2}) missing from font(s) DejaVu Sans.
  fig.savefig(out_path, dpi=180)
/root/autodl-tmp/data_process/02_code/final_code/model/training/fair_vehicle_event_comparison_20260427/prediction_plotting.py:472: UserWarning: Glyph 29575 (\N{CJK UNIFIED IDEOGRAPH-7387}) missing from font(s) DejaVu Sans.
  fig.savefig(out_path, dpi=180)
/root/autodl-tmp/data_process/02_code/final_code/model/training/fair_vehicle_event_comparison_20260427/prediction_plotting.py:470: UserWarning: Glyph 20302 (\N{CJK UNIFIED IDEOGRAPH-4F4E}) missing from font(s) DejaVu Sans.
  fig.tight_layout()
/root/autodl-tmp/data_process/02_code/final_code/model/training/fair_vehicle_event_comparison_20260427/prediction_plotting.py:470: UserWarning: Glyph 38468 (\N{CJK UNIFIED IDEOGRAPH-9644}) missing from font(s) DejaVu Sans.
  fig.tight_layout()
/root/autodl-tmp/data_process/02_code/final_code/model/training/fair_vehicle_event_comparison_20260427/prediction_plotting.py:470: UserWarning: Glyph 30528 (\N{CJK UNIFIED IDEOGRAPH-7740}) missing from font(s) DejaVu Sans.
  fig.tight_layout()
/root/autodl-tmp/data_process/02_code/final_code/model/training/fair_vehicle_event_comparison_20260427/prediction_plotting.py:472: UserWarning: Glyph 20302 (\N{CJK UNIFIED IDEOGRAPH-4F4E}) missing from font(s) DejaVu Sans.
  fig.savefig(out_path, dpi=180)
/root/autodl-tmp/data_process/02_code/final_code/model/training/fair_vehicle_event_comparison_20260427/prediction_plotting.py:472: UserWarning: Glyph 38468 (\N{CJK UNIFIED IDEOGRAPH-9644}) missing from font(s) DejaVu Sans.
  fig.savefig(out_path, dpi=180)
/root/autodl-tmp/data_process/02_code/final_code/model/training/fair_vehicle_event_comparison_20260427/prediction_plotting.py:472: UserWarning: Glyph 30528 (\N{CJK UNIFIED IDEOGRAPH-7740}) missing from font(s) DejaVu Sans.
  fig.savefig(out_path, dpi=180)
{
  "exp_id": "A1",
  "seed": 2026,
  "label_cn": "车辆 + 连续风格 + 肌电 + 响应类型辅助",
  "group_cn": "响应类型辅助",
  "status": "completed",
  "started_at": "2026-05-20 14:48:44",
  "completed_at": "2026-05-20 14:52:05",
  "device": "cuda",
  "run_root": "/root/autodl-tmp/data_process/tmp/event_conditioned_runs/V05P_A1_2026_20260520_144844",
  "teacher_from": "",
  "teacher_checkpoint": "",
  "prediction_overview": "/root/autodl-tmp/data_process/tmp/event_conditioned_runs/V05P_A1_2026_20260520_144844/prediction_figures/test/overview.png",
  "prediction_figures_dir": "/root/autodl-tmp/data_process/tmp/event_conditioned_runs/V05P_A1_2026_20260520_144844/prediction_figures/test"
}
