sample split: train=953 val=260 test=163 dropped=12 input_dim=12
training: device=cuda epochs=40 batch_size=64 ctx_dim=13 conditioning=vehicle_direct_coarse_fine
/root/miniconda3/lib/python3.12/site-packages/torch/autograd/graph.py:825: UserWarning: upsample_linear1d_backward_out_cuda does not have a deterministic implementation, but you set 'torch.use_deterministic_algorithms(True, warn_only=True)'. You can file an issue at https://github.com/pytorch/pytorch/issues to help us prioritize adding deterministic support for this operation. (Triggered internally at ../aten/src/ATen/Context.cpp:91.)
  return Variable._execution_engine.run_backward(  # Calls into the C++ engine to run the backward pass
Epoch 001/040 train_loss=2.52102 val_rmse=0.73430 val_tail=0.72187 selection=1.34543 best_epoch=1
/root/miniconda3/lib/python3.12/site-packages/torch/autograd/graph.py:825: UserWarning: upsample_linear1d_backward_out_cuda does not have a deterministic implementation, but you set 'torch.use_deterministic_algorithms(True, warn_only=True)'. You can file an issue at https://github.com/pytorch/pytorch/issues to help us prioritize adding deterministic support for this operation. (Triggered internally at ../aten/src/ATen/Context.cpp:91.)
  return Variable._execution_engine.run_backward(  # Calls into the C++ engine to run the backward pass
Epoch 002/040 train_loss=1.83564 val_rmse=0.71975 val_tail=0.70169 selection=1.33512 best_epoch=2
/root/miniconda3/lib/python3.12/site-packages/torch/autograd/graph.py:825: UserWarning: upsample_linear1d_backward_out_cuda does not have a deterministic implementation, but you set 'torch.use_deterministic_algorithms(True, warn_only=True)'. You can file an issue at https://github.com/pytorch/pytorch/issues to help us prioritize adding deterministic support for this operation. (Triggered internally at ../aten/src/ATen/Context.cpp:91.)
  return Variable._execution_engine.run_backward(  # Calls into the C++ engine to run the backward pass
Epoch 003/040 train_loss=1.72818 val_rmse=0.71503 val_tail=0.69978 selection=1.31168 best_epoch=3
/root/miniconda3/lib/python3.12/site-packages/torch/autograd/graph.py:825: UserWarning: upsample_linear1d_backward_out_cuda does not have a deterministic implementation, but you set 'torch.use_deterministic_algorithms(True, warn_only=True)'. You can file an issue at https://github.com/pytorch/pytorch/issues to help us prioritize adding deterministic support for this operation. (Triggered internally at ../aten/src/ATen/Context.cpp:91.)
  return Variable._execution_engine.run_backward(  # Calls into the C++ engine to run the backward pass
Epoch 004/040 train_loss=1.62228 val_rmse=0.70267 val_tail=0.69105 selection=1.32611 best_epoch=4
/root/miniconda3/lib/python3.12/site-packages/torch/autograd/graph.py:825: UserWarning: upsample_linear1d_backward_out_cuda does not have a deterministic implementation, but you set 'torch.use_deterministic_algorithms(True, warn_only=True)'. You can file an issue at https://github.com/pytorch/pytorch/issues to help us prioritize adding deterministic support for this operation. (Triggered internally at ../aten/src/ATen/Context.cpp:91.)
  return Variable._execution_engine.run_backward(  # Calls into the C++ engine to run the backward pass
Epoch 005/040 train_loss=1.53855 val_rmse=0.71670 val_tail=0.63925 selection=1.29460 best_epoch=4
/root/miniconda3/lib/python3.12/site-packages/torch/autograd/graph.py:825: UserWarning: upsample_linear1d_backward_out_cuda does not have a deterministic implementation, but you set 'torch.use_deterministic_algorithms(True, warn_only=True)'. You can file an issue at https://github.com/pytorch/pytorch/issues to help us prioritize adding deterministic support for this operation. (Triggered internally at ../aten/src/ATen/Context.cpp:91.)
  return Variable._execution_engine.run_backward(  # Calls into the C++ engine to run the backward pass
Epoch 006/040 train_loss=1.50393 val_rmse=0.69737 val_tail=0.66117 selection=1.29862 best_epoch=6
/root/miniconda3/lib/python3.12/site-packages/torch/autograd/graph.py:825: UserWarning: upsample_linear1d_backward_out_cuda does not have a deterministic implementation, but you set 'torch.use_deterministic_algorithms(True, warn_only=True)'. You can file an issue at https://github.com/pytorch/pytorch/issues to help us prioritize adding deterministic support for this operation. (Triggered internally at ../aten/src/ATen/Context.cpp:91.)
  return Variable._execution_engine.run_backward(  # Calls into the C++ engine to run the backward pass
Epoch 007/040 train_loss=1.47568 val_rmse=0.71324 val_tail=0.61527 selection=1.29973 best_epoch=6
/root/miniconda3/lib/python3.12/site-packages/torch/autograd/graph.py:825: UserWarning: upsample_linear1d_backward_out_cuda does not have a deterministic implementation, but you set 'torch.use_deterministic_algorithms(True, warn_only=True)'. You can file an issue at https://github.com/pytorch/pytorch/issues to help us prioritize adding deterministic support for this operation. (Triggered internally at ../aten/src/ATen/Context.cpp:91.)
  return Variable._execution_engine.run_backward(  # Calls into the C++ engine to run the backward pass
Epoch 008/040 train_loss=1.42041 val_rmse=0.71368 val_tail=0.66623 selection=1.30248 best_epoch=6
/root/miniconda3/lib/python3.12/site-packages/torch/autograd/graph.py:825: UserWarning: upsample_linear1d_backward_out_cuda does not have a deterministic implementation, but you set 'torch.use_deterministic_algorithms(True, warn_only=True)'. You can file an issue at https://github.com/pytorch/pytorch/issues to help us prioritize adding deterministic support for this operation. (Triggered internally at ../aten/src/ATen/Context.cpp:91.)
  return Variable._execution_engine.run_backward(  # Calls into the C++ engine to run the backward pass
Epoch 009/040 train_loss=1.47020 val_rmse=0.70009 val_tail=0.65273 selection=1.28612 best_epoch=6
/root/miniconda3/lib/python3.12/site-packages/torch/autograd/graph.py:825: UserWarning: upsample_linear1d_backward_out_cuda does not have a deterministic implementation, but you set 'torch.use_deterministic_algorithms(True, warn_only=True)'. You can file an issue at https://github.com/pytorch/pytorch/issues to help us prioritize adding deterministic support for this operation. (Triggered internally at ../aten/src/ATen/Context.cpp:91.)
  return Variable._execution_engine.run_backward(  # Calls into the C++ engine to run the backward pass
Epoch 010/040 train_loss=1.42582 val_rmse=0.69280 val_tail=0.62008 selection=1.26088 best_epoch=10
/root/miniconda3/lib/python3.12/site-packages/torch/autograd/graph.py:825: UserWarning: upsample_linear1d_backward_out_cuda does not have a deterministic implementation, but you set 'torch.use_deterministic_algorithms(True, warn_only=True)'. You can file an issue at https://github.com/pytorch/pytorch/issues to help us prioritize adding deterministic support for this operation. (Triggered internally at ../aten/src/ATen/Context.cpp:91.)
  return Variable._execution_engine.run_backward(  # Calls into the C++ engine to run the backward pass
Epoch 011/040 train_loss=1.30264 val_rmse=0.69192 val_tail=0.61132 selection=1.26049 best_epoch=11
/root/miniconda3/lib/python3.12/site-packages/torch/autograd/graph.py:825: UserWarning: upsample_linear1d_backward_out_cuda does not have a deterministic implementation, but you set 'torch.use_deterministic_algorithms(True, warn_only=True)'. You can file an issue at https://github.com/pytorch/pytorch/issues to help us prioritize adding deterministic support for this operation. (Triggered internally at ../aten/src/ATen/Context.cpp:91.)
  return Variable._execution_engine.run_backward(  # Calls into the C++ engine to run the backward pass
Epoch 012/040 train_loss=1.26434 val_rmse=0.69228 val_tail=0.64542 selection=1.28552 best_epoch=11
/root/miniconda3/lib/python3.12/site-packages/torch/autograd/graph.py:825: UserWarning: upsample_linear1d_backward_out_cuda does not have a deterministic implementation, but you set 'torch.use_deterministic_algorithms(True, warn_only=True)'. You can file an issue at https://github.com/pytorch/pytorch/issues to help us prioritize adding deterministic support for this operation. (Triggered internally at ../aten/src/ATen/Context.cpp:91.)
  return Variable._execution_engine.run_backward(  # Calls into the C++ engine to run the backward pass
Epoch 013/040 train_loss=1.20604 val_rmse=0.68023 val_tail=0.64263 selection=1.29513 best_epoch=13
/root/miniconda3/lib/python3.12/site-packages/torch/autograd/graph.py:825: UserWarning: upsample_linear1d_backward_out_cuda does not have a deterministic implementation, but you set 'torch.use_deterministic_algorithms(True, warn_only=True)'. You can file an issue at https://github.com/pytorch/pytorch/issues to help us prioritize adding deterministic support for this operation. (Triggered internally at ../aten/src/ATen/Context.cpp:91.)
  return Variable._execution_engine.run_backward(  # Calls into the C++ engine to run the backward pass
Epoch 014/040 train_loss=1.20169 val_rmse=0.68303 val_tail=0.61443 selection=1.24258 best_epoch=13
/root/miniconda3/lib/python3.12/site-packages/torch/autograd/graph.py:825: UserWarning: upsample_linear1d_backward_out_cuda does not have a deterministic implementation, but you set 'torch.use_deterministic_algorithms(True, warn_only=True)'. You can file an issue at https://github.com/pytorch/pytorch/issues to help us prioritize adding deterministic support for this operation. (Triggered internally at ../aten/src/ATen/Context.cpp:91.)
  return Variable._execution_engine.run_backward(  # Calls into the C++ engine to run the backward pass
Epoch 015/040 train_loss=1.18482 val_rmse=0.65464 val_tail=0.62085 selection=1.22672 best_epoch=15
/root/miniconda3/lib/python3.12/site-packages/torch/autograd/graph.py:825: UserWarning: upsample_linear1d_backward_out_cuda does not have a deterministic implementation, but you set 'torch.use_deterministic_algorithms(True, warn_only=True)'. You can file an issue at https://github.com/pytorch/pytorch/issues to help us prioritize adding deterministic support for this operation. (Triggered internally at ../aten/src/ATen/Context.cpp:91.)
  return Variable._execution_engine.run_backward(  # Calls into the C++ engine to run the backward pass
Epoch 016/040 train_loss=1.02796 val_rmse=0.63368 val_tail=0.62347 selection=1.22688 best_epoch=16
/root/miniconda3/lib/python3.12/site-packages/torch/autograd/graph.py:825: UserWarning: upsample_linear1d_backward_out_cuda does not have a deterministic implementation, but you set 'torch.use_deterministic_algorithms(True, warn_only=True)'. You can file an issue at https://github.com/pytorch/pytorch/issues to help us prioritize adding deterministic support for this operation. (Triggered internally at ../aten/src/ATen/Context.cpp:91.)
  return Variable._execution_engine.run_backward(  # Calls into the C++ engine to run the backward pass
Epoch 017/040 train_loss=0.97598 val_rmse=0.64208 val_tail=0.63350 selection=1.20393 best_epoch=16
/root/miniconda3/lib/python3.12/site-packages/torch/autograd/graph.py:825: UserWarning: upsample_linear1d_backward_out_cuda does not have a deterministic implementation, but you set 'torch.use_deterministic_algorithms(True, warn_only=True)'. You can file an issue at https://github.com/pytorch/pytorch/issues to help us prioritize adding deterministic support for this operation. (Triggered internally at ../aten/src/ATen/Context.cpp:91.)
  return Variable._execution_engine.run_backward(  # Calls into the C++ engine to run the backward pass
Epoch 018/040 train_loss=0.95893 val_rmse=0.58796 val_tail=0.55011 selection=1.12504 best_epoch=18
/root/miniconda3/lib/python3.12/site-packages/torch/autograd/graph.py:825: UserWarning: upsample_linear1d_backward_out_cuda does not have a deterministic implementation, but you set 'torch.use_deterministic_algorithms(True, warn_only=True)'. You can file an issue at https://github.com/pytorch/pytorch/issues to help us prioritize adding deterministic support for this operation. (Triggered internally at ../aten/src/ATen/Context.cpp:91.)
  return Variable._execution_engine.run_backward(  # Calls into the C++ engine to run the backward pass
Epoch 019/040 train_loss=0.93473 val_rmse=0.58200 val_tail=0.57406 selection=1.13952 best_epoch=19
/root/miniconda3/lib/python3.12/site-packages/torch/autograd/graph.py:825: UserWarning: upsample_linear1d_backward_out_cuda does not have a deterministic implementation, but you set 'torch.use_deterministic_algorithms(True, warn_only=True)'. You can file an issue at https://github.com/pytorch/pytorch/issues to help us prioritize adding deterministic support for this operation. (Triggered internally at ../aten/src/ATen/Context.cpp:91.)
  return Variable._execution_engine.run_backward(  # Calls into the C++ engine to run the backward pass
Epoch 020/040 train_loss=0.89775 val_rmse=0.55915 val_tail=0.54798 selection=1.11106 best_epoch=20
/root/miniconda3/lib/python3.12/site-packages/torch/autograd/graph.py:825: UserWarning: upsample_linear1d_backward_out_cuda does not have a deterministic implementation, but you set 'torch.use_deterministic_algorithms(True, warn_only=True)'. You can file an issue at https://github.com/pytorch/pytorch/issues to help us prioritize adding deterministic support for this operation. (Triggered internally at ../aten/src/ATen/Context.cpp:91.)
  return Variable._execution_engine.run_backward(  # Calls into the C++ engine to run the backward pass
Epoch 021/040 train_loss=0.85704 val_rmse=0.60354 val_tail=0.58091 selection=1.12541 best_epoch=20
/root/miniconda3/lib/python3.12/site-packages/torch/autograd/graph.py:825: UserWarning: upsample_linear1d_backward_out_cuda does not have a deterministic implementation, but you set 'torch.use_deterministic_algorithms(True, warn_only=True)'. You can file an issue at https://github.com/pytorch/pytorch/issues to help us prioritize adding deterministic support for this operation. (Triggered internally at ../aten/src/ATen/Context.cpp:91.)
  return Variable._execution_engine.run_backward(  # Calls into the C++ engine to run the backward pass
Epoch 022/040 train_loss=0.75496 val_rmse=0.62246 val_tail=0.63499 selection=1.18258 best_epoch=20
/root/miniconda3/lib/python3.12/site-packages/torch/autograd/graph.py:825: UserWarning: upsample_linear1d_backward_out_cuda does not have a deterministic implementation, but you set 'torch.use_deterministic_algorithms(True, warn_only=True)'. You can file an issue at https://github.com/pytorch/pytorch/issues to help us prioritize adding deterministic support for this operation. (Triggered internally at ../aten/src/ATen/Context.cpp:91.)
  return Variable._execution_engine.run_backward(  # Calls into the C++ engine to run the backward pass
Epoch 023/040 train_loss=0.72460 val_rmse=0.56283 val_tail=0.55607 selection=1.09702 best_epoch=20
/root/miniconda3/lib/python3.12/site-packages/torch/autograd/graph.py:825: UserWarning: upsample_linear1d_backward_out_cuda does not have a deterministic implementation, but you set 'torch.use_deterministic_algorithms(True, warn_only=True)'. You can file an issue at https://github.com/pytorch/pytorch/issues to help us prioritize adding deterministic support for this operation. (Triggered internally at ../aten/src/ATen/Context.cpp:91.)
  return Variable._execution_engine.run_backward(  # Calls into the C++ engine to run the backward pass
Epoch 024/040 train_loss=0.66861 val_rmse=0.58040 val_tail=0.56263 selection=1.09439 best_epoch=20
/root/miniconda3/lib/python3.12/site-packages/torch/autograd/graph.py:825: UserWarning: upsample_linear1d_backward_out_cuda does not have a deterministic implementation, but you set 'torch.use_deterministic_algorithms(True, warn_only=True)'. You can file an issue at https://github.com/pytorch/pytorch/issues to help us prioritize adding deterministic support for this operation. (Triggered internally at ../aten/src/ATen/Context.cpp:91.)
  return Variable._execution_engine.run_backward(  # Calls into the C++ engine to run the backward pass
Epoch 025/040 train_loss=0.66248 val_rmse=0.60650 val_tail=0.61189 selection=1.14037 best_epoch=20
/root/miniconda3/lib/python3.12/site-packages/torch/autograd/graph.py:825: UserWarning: upsample_linear1d_backward_out_cuda does not have a deterministic implementation, but you set 'torch.use_deterministic_algorithms(True, warn_only=True)'. You can file an issue at https://github.com/pytorch/pytorch/issues to help us prioritize adding deterministic support for this operation. (Triggered internally at ../aten/src/ATen/Context.cpp:91.)
  return Variable._execution_engine.run_backward(  # Calls into the C++ engine to run the backward pass
Epoch 026/040 train_loss=0.68908 val_rmse=0.57523 val_tail=0.56300 selection=1.08057 best_epoch=20
/root/miniconda3/lib/python3.12/site-packages/torch/autograd/graph.py:825: UserWarning: upsample_linear1d_backward_out_cuda does not have a deterministic implementation, but you set 'torch.use_deterministic_algorithms(True, warn_only=True)'. You can file an issue at https://github.com/pytorch/pytorch/issues to help us prioritize adding deterministic support for this operation. (Triggered internally at ../aten/src/ATen/Context.cpp:91.)
  return Variable._execution_engine.run_backward(  # Calls into the C++ engine to run the backward pass
Epoch 027/040 train_loss=0.59080 val_rmse=0.57703 val_tail=0.56627 selection=1.09809 best_epoch=20
/root/miniconda3/lib/python3.12/site-packages/torch/autograd/graph.py:825: UserWarning: upsample_linear1d_backward_out_cuda does not have a deterministic implementation, but you set 'torch.use_deterministic_algorithms(True, warn_only=True)'. You can file an issue at https://github.com/pytorch/pytorch/issues to help us prioritize adding deterministic support for this operation. (Triggered internally at ../aten/src/ATen/Context.cpp:91.)
  return Variable._execution_engine.run_backward(  # Calls into the C++ engine to run the backward pass
Epoch 028/040 train_loss=0.65396 val_rmse=0.59312 val_tail=0.58376 selection=1.11274 best_epoch=20
/root/miniconda3/lib/python3.12/site-packages/torch/autograd/graph.py:825: UserWarning: upsample_linear1d_backward_out_cuda does not have a deterministic implementation, but you set 'torch.use_deterministic_algorithms(True, warn_only=True)'. You can file an issue at https://github.com/pytorch/pytorch/issues to help us prioritize adding deterministic support for this operation. (Triggered internally at ../aten/src/ATen/Context.cpp:91.)
  return Variable._execution_engine.run_backward(  # Calls into the C++ engine to run the backward pass
Epoch 029/040 train_loss=0.63051 val_rmse=0.56568 val_tail=0.55272 selection=1.06823 best_epoch=20
/root/miniconda3/lib/python3.12/site-packages/torch/autograd/graph.py:825: UserWarning: upsample_linear1d_backward_out_cuda does not have a deterministic implementation, but you set 'torch.use_deterministic_algorithms(True, warn_only=True)'. You can file an issue at https://github.com/pytorch/pytorch/issues to help us prioritize adding deterministic support for this operation. (Triggered internally at ../aten/src/ATen/Context.cpp:91.)
  return Variable._execution_engine.run_backward(  # Calls into the C++ engine to run the backward pass
Epoch 030/040 train_loss=0.57060 val_rmse=0.58219 val_tail=0.56517 selection=1.08764 best_epoch=20
/root/miniconda3/lib/python3.12/site-packages/torch/autograd/graph.py:825: UserWarning: upsample_linear1d_backward_out_cuda does not have a deterministic implementation, but you set 'torch.use_deterministic_algorithms(True, warn_only=True)'. You can file an issue at https://github.com/pytorch/pytorch/issues to help us prioritize adding deterministic support for this operation. (Triggered internally at ../aten/src/ATen/Context.cpp:91.)
  return Variable._execution_engine.run_backward(  # Calls into the C++ engine to run the backward pass
Epoch 031/040 train_loss=0.51394 val_rmse=0.56802 val_tail=0.56959 selection=1.08422 best_epoch=20
/root/miniconda3/lib/python3.12/site-packages/torch/autograd/graph.py:825: UserWarning: upsample_linear1d_backward_out_cuda does not have a deterministic implementation, but you set 'torch.use_deterministic_algorithms(True, warn_only=True)'. You can file an issue at https://github.com/pytorch/pytorch/issues to help us prioritize adding deterministic support for this operation. (Triggered internally at ../aten/src/ATen/Context.cpp:91.)
  return Variable._execution_engine.run_backward(  # Calls into the C++ engine to run the backward pass
Epoch 032/040 train_loss=0.52983 val_rmse=0.60253 val_tail=0.58138 selection=1.12497 best_epoch=20
/root/miniconda3/lib/python3.12/site-packages/torch/autograd/graph.py:825: UserWarning: upsample_linear1d_backward_out_cuda does not have a deterministic implementation, but you set 'torch.use_deterministic_algorithms(True, warn_only=True)'. You can file an issue at https://github.com/pytorch/pytorch/issues to help us prioritize adding deterministic support for this operation. (Triggered internally at ../aten/src/ATen/Context.cpp:91.)
  return Variable._execution_engine.run_backward(  # Calls into the C++ engine to run the backward pass
Epoch 033/040 train_loss=0.57747 val_rmse=0.56177 val_tail=0.53844 selection=1.06566 best_epoch=20
/root/miniconda3/lib/python3.12/site-packages/torch/autograd/graph.py:825: UserWarning: upsample_linear1d_backward_out_cuda does not have a deterministic implementation, but you set 'torch.use_deterministic_algorithms(True, warn_only=True)'. You can file an issue at https://github.com/pytorch/pytorch/issues to help us prioritize adding deterministic support for this operation. (Triggered internally at ../aten/src/ATen/Context.cpp:91.)
  return Variable._execution_engine.run_backward(  # Calls into the C++ engine to run the backward pass
Epoch 034/040 train_loss=0.50000 val_rmse=0.56539 val_tail=0.57346 selection=1.09179 best_epoch=20
/root/miniconda3/lib/python3.12/site-packages/torch/autograd/graph.py:825: UserWarning: upsample_linear1d_backward_out_cuda does not have a deterministic implementation, but you set 'torch.use_deterministic_algorithms(True, warn_only=True)'. You can file an issue at https://github.com/pytorch/pytorch/issues to help us prioritize adding deterministic support for this operation. (Triggered internally at ../aten/src/ATen/Context.cpp:91.)
  return Variable._execution_engine.run_backward(  # Calls into the C++ engine to run the backward pass
Epoch 035/040 train_loss=0.50158 val_rmse=0.56788 val_tail=0.52251 selection=1.07898 best_epoch=20
/root/miniconda3/lib/python3.12/site-packages/torch/autograd/graph.py:825: UserWarning: upsample_linear1d_backward_out_cuda does not have a deterministic implementation, but you set 'torch.use_deterministic_algorithms(True, warn_only=True)'. You can file an issue at https://github.com/pytorch/pytorch/issues to help us prioritize adding deterministic support for this operation. (Triggered internally at ../aten/src/ATen/Context.cpp:91.)
  return Variable._execution_engine.run_backward(  # Calls into the C++ engine to run the backward pass
Epoch 036/040 train_loss=0.44282 val_rmse=0.56191 val_tail=0.56707 selection=1.09700 best_epoch=20
/root/miniconda3/lib/python3.12/site-packages/torch/autograd/graph.py:825: UserWarning: upsample_linear1d_backward_out_cuda does not have a deterministic implementation, but you set 'torch.use_deterministic_algorithms(True, warn_only=True)'. You can file an issue at https://github.com/pytorch/pytorch/issues to help us prioritize adding deterministic support for this operation. (Triggered internally at ../aten/src/ATen/Context.cpp:91.)
  return Variable._execution_engine.run_backward(  # Calls into the C++ engine to run the backward pass
Epoch 037/040 train_loss=0.40317 val_rmse=0.56155 val_tail=0.54826 selection=1.08088 best_epoch=20
/root/miniconda3/lib/python3.12/site-packages/torch/autograd/graph.py:825: UserWarning: upsample_linear1d_backward_out_cuda does not have a deterministic implementation, but you set 'torch.use_deterministic_algorithms(True, warn_only=True)'. You can file an issue at https://github.com/pytorch/pytorch/issues to help us prioritize adding deterministic support for this operation. (Triggered internally at ../aten/src/ATen/Context.cpp:91.)
  return Variable._execution_engine.run_backward(  # Calls into the C++ engine to run the backward pass
Epoch 038/040 train_loss=0.43295 val_rmse=0.56368 val_tail=0.56831 selection=1.08505 best_epoch=20
/root/miniconda3/lib/python3.12/site-packages/torch/autograd/graph.py:825: UserWarning: upsample_linear1d_backward_out_cuda does not have a deterministic implementation, but you set 'torch.use_deterministic_algorithms(True, warn_only=True)'. You can file an issue at https://github.com/pytorch/pytorch/issues to help us prioritize adding deterministic support for this operation. (Triggered internally at ../aten/src/ATen/Context.cpp:91.)
  return Variable._execution_engine.run_backward(  # Calls into the C++ engine to run the backward pass
Epoch 039/040 train_loss=0.39222 val_rmse=0.56882 val_tail=0.57830 selection=1.09494 best_epoch=20
/root/miniconda3/lib/python3.12/site-packages/torch/autograd/graph.py:825: UserWarning: upsample_linear1d_backward_out_cuda does not have a deterministic implementation, but you set 'torch.use_deterministic_algorithms(True, warn_only=True)'. You can file an issue at https://github.com/pytorch/pytorch/issues to help us prioritize adding deterministic support for this operation. (Triggered internally at ../aten/src/ATen/Context.cpp:91.)
  return Variable._execution_engine.run_backward(  # Calls into the C++ engine to run the backward pass
Epoch 040/040 train_loss=0.43216 val_rmse=0.55751 val_tail=0.54477 selection=1.08375 best_epoch=40
/root/autodl-tmp/data_process/02_code/final_code/model/training/fair_vehicle_event_comparison_20260427/prediction_plotting.py:470: UserWarning: Glyph 27178 (\N{CJK UNIFIED IDEOGRAPH-6A2A}) missing from font(s) DejaVu Sans.
  fig.tight_layout()
/root/autodl-tmp/data_process/02_code/final_code/model/training/fair_vehicle_event_comparison_20260427/prediction_plotting.py:470: UserWarning: Glyph 28378 (\N{CJK UNIFIED IDEOGRAPH-6EDA}) missing from font(s) DejaVu Sans.
  fig.tight_layout()
/root/autodl-tmp/data_process/02_code/final_code/model/training/fair_vehicle_event_comparison_20260427/prediction_plotting.py:470: UserWarning: Glyph 23039 (\N{CJK UNIFIED IDEOGRAPH-59FF}) missing from font(s) DejaVu Sans.
  fig.tight_layout()
/root/autodl-tmp/data_process/02_code/final_code/model/training/fair_vehicle_event_comparison_20260427/prediction_plotting.py:470: UserWarning: Glyph 24577 (\N{CJK UNIFIED IDEOGRAPH-6001}) missing from font(s) DejaVu Sans.
  fig.tight_layout()
/root/autodl-tmp/data_process/02_code/final_code/model/training/fair_vehicle_event_comparison_20260427/prediction_plotting.py:472: UserWarning: Glyph 27178 (\N{CJK UNIFIED IDEOGRAPH-6A2A}) missing from font(s) DejaVu Sans.
  fig.savefig(out_path, dpi=180)
/root/autodl-tmp/data_process/02_code/final_code/model/training/fair_vehicle_event_comparison_20260427/prediction_plotting.py:472: UserWarning: Glyph 28378 (\N{CJK UNIFIED IDEOGRAPH-6EDA}) missing from font(s) DejaVu Sans.
  fig.savefig(out_path, dpi=180)
/root/autodl-tmp/data_process/02_code/final_code/model/training/fair_vehicle_event_comparison_20260427/prediction_plotting.py:472: UserWarning: Glyph 23039 (\N{CJK UNIFIED IDEOGRAPH-59FF}) missing from font(s) DejaVu Sans.
  fig.savefig(out_path, dpi=180)
/root/autodl-tmp/data_process/02_code/final_code/model/training/fair_vehicle_event_comparison_20260427/prediction_plotting.py:472: UserWarning: Glyph 24577 (\N{CJK UNIFIED IDEOGRAPH-6001}) missing from font(s) DejaVu Sans.
  fig.savefig(out_path, dpi=180)
/root/autodl-tmp/data_process/02_code/final_code/model/training/fair_vehicle_event_comparison_20260427/prediction_plotting.py:470: UserWarning: Glyph 24367 (\N{CJK UNIFIED IDEOGRAPH-5F2F}) missing from font(s) DejaVu Sans.
  fig.tight_layout()
/root/autodl-tmp/data_process/02_code/final_code/model/training/fair_vehicle_event_comparison_20260427/prediction_plotting.py:470: UserWarning: Glyph 36947 (\N{CJK UNIFIED IDEOGRAPH-9053}) missing from font(s) DejaVu Sans.
  fig.tight_layout()
/root/autodl-tmp/data_process/02_code/final_code/model/training/fair_vehicle_event_comparison_20260427/prediction_plotting.py:470: UserWarning: Glyph 26354 (\N{CJK UNIFIED IDEOGRAPH-66F2}) missing from font(s) DejaVu Sans.
  fig.tight_layout()
/root/autodl-tmp/data_process/02_code/final_code/model/training/fair_vehicle_event_comparison_20260427/prediction_plotting.py:470: UserWarning: Glyph 29575 (\N{CJK UNIFIED IDEOGRAPH-7387}) missing from font(s) DejaVu Sans.
  fig.tight_layout()
/root/autodl-tmp/data_process/02_code/final_code/model/training/fair_vehicle_event_comparison_20260427/prediction_plotting.py:472: UserWarning: Glyph 24367 (\N{CJK UNIFIED IDEOGRAPH-5F2F}) missing from font(s) DejaVu Sans.
  fig.savefig(out_path, dpi=180)
/root/autodl-tmp/data_process/02_code/final_code/model/training/fair_vehicle_event_comparison_20260427/prediction_plotting.py:472: UserWarning: Glyph 36947 (\N{CJK UNIFIED IDEOGRAPH-9053}) missing from font(s) DejaVu Sans.
  fig.savefig(out_path, dpi=180)
/root/autodl-tmp/data_process/02_code/final_code/model/training/fair_vehicle_event_comparison_20260427/prediction_plotting.py:472: UserWarning: Glyph 26354 (\N{CJK UNIFIED IDEOGRAPH-66F2}) missing from font(s) DejaVu Sans.
  fig.savefig(out_path, dpi=180)
/root/autodl-tmp/data_process/02_code/final_code/model/training/fair_vehicle_event_comparison_20260427/prediction_plotting.py:472: UserWarning: Glyph 29575 (\N{CJK UNIFIED IDEOGRAPH-7387}) missing from font(s) DejaVu Sans.
  fig.savefig(out_path, dpi=180)
/root/autodl-tmp/data_process/02_code/final_code/model/training/fair_vehicle_event_comparison_20260427/prediction_plotting.py:470: UserWarning: Glyph 20302 (\N{CJK UNIFIED IDEOGRAPH-4F4E}) missing from font(s) DejaVu Sans.
  fig.tight_layout()
/root/autodl-tmp/data_process/02_code/final_code/model/training/fair_vehicle_event_comparison_20260427/prediction_plotting.py:470: UserWarning: Glyph 38468 (\N{CJK UNIFIED IDEOGRAPH-9644}) missing from font(s) DejaVu Sans.
  fig.tight_layout()
/root/autodl-tmp/data_process/02_code/final_code/model/training/fair_vehicle_event_comparison_20260427/prediction_plotting.py:470: UserWarning: Glyph 30528 (\N{CJK UNIFIED IDEOGRAPH-7740}) missing from font(s) DejaVu Sans.
  fig.tight_layout()
/root/autodl-tmp/data_process/02_code/final_code/model/training/fair_vehicle_event_comparison_20260427/prediction_plotting.py:472: UserWarning: Glyph 20302 (\N{CJK UNIFIED IDEOGRAPH-4F4E}) missing from font(s) DejaVu Sans.
  fig.savefig(out_path, dpi=180)
/root/autodl-tmp/data_process/02_code/final_code/model/training/fair_vehicle_event_comparison_20260427/prediction_plotting.py:472: UserWarning: Glyph 38468 (\N{CJK UNIFIED IDEOGRAPH-9644}) missing from font(s) DejaVu Sans.
  fig.savefig(out_path, dpi=180)
/root/autodl-tmp/data_process/02_code/final_code/model/training/fair_vehicle_event_comparison_20260427/prediction_plotting.py:472: UserWarning: Glyph 30528 (\N{CJK UNIFIED IDEOGRAPH-7740}) missing from font(s) DejaVu Sans.
  fig.savefig(out_path, dpi=180)
{
  "exp_id": "C2",
  "seed": 2026,
  "label_cn": "车辆 + 连续风格 + 心率 + 皮电 + 肌电",
  "group_cn": "组合",
  "status": "completed",
  "started_at": "2026-05-20 14:48:44",
  "completed_at": "2026-05-20 14:52:06",
  "device": "cuda",
  "run_root": "/root/autodl-tmp/data_process/tmp/event_conditioned_runs/V05P_C2_2026_20260520_144844",
  "teacher_from": "",
  "teacher_checkpoint": "",
  "prediction_overview": "/root/autodl-tmp/data_process/tmp/event_conditioned_runs/V05P_C2_2026_20260520_144844/prediction_figures/test/overview.png",
  "prediction_figures_dir": "/root/autodl-tmp/data_process/tmp/event_conditioned_runs/V05P_C2_2026_20260520_144844/prediction_figures/test"
}
