sample split: train=953 val=260 test=163 dropped=12 input_dim=12
training: device=cuda epochs=40 batch_size=64 ctx_dim=10 conditioning=vehicle_direct_coarse_fine
/root/miniconda3/lib/python3.12/site-packages/torch/autograd/graph.py:825: UserWarning: upsample_linear1d_backward_out_cuda does not have a deterministic implementation, but you set 'torch.use_deterministic_algorithms(True, warn_only=True)'. You can file an issue at https://github.com/pytorch/pytorch/issues to help us prioritize adding deterministic support for this operation. (Triggered internally at ../aten/src/ATen/Context.cpp:91.)
  return Variable._execution_engine.run_backward(  # Calls into the C++ engine to run the backward pass
Epoch 001/040 train_loss=2.47214 val_rmse=0.70932 val_tail=0.70514 selection=1.33650 best_epoch=1
/root/miniconda3/lib/python3.12/site-packages/torch/autograd/graph.py:825: UserWarning: upsample_linear1d_backward_out_cuda does not have a deterministic implementation, but you set 'torch.use_deterministic_algorithms(True, warn_only=True)'. You can file an issue at https://github.com/pytorch/pytorch/issues to help us prioritize adding deterministic support for this operation. (Triggered internally at ../aten/src/ATen/Context.cpp:91.)
  return Variable._execution_engine.run_backward(  # Calls into the C++ engine to run the backward pass
Epoch 002/040 train_loss=1.84006 val_rmse=0.74079 val_tail=0.65523 selection=1.29964 best_epoch=1
/root/miniconda3/lib/python3.12/site-packages/torch/autograd/graph.py:825: UserWarning: upsample_linear1d_backward_out_cuda does not have a deterministic implementation, but you set 'torch.use_deterministic_algorithms(True, warn_only=True)'. You can file an issue at https://github.com/pytorch/pytorch/issues to help us prioritize adding deterministic support for this operation. (Triggered internally at ../aten/src/ATen/Context.cpp:91.)
  return Variable._execution_engine.run_backward(  # Calls into the C++ engine to run the backward pass
Epoch 003/040 train_loss=1.67965 val_rmse=0.69498 val_tail=0.65159 selection=1.28741 best_epoch=3
/root/miniconda3/lib/python3.12/site-packages/torch/autograd/graph.py:825: UserWarning: upsample_linear1d_backward_out_cuda does not have a deterministic implementation, but you set 'torch.use_deterministic_algorithms(True, warn_only=True)'. You can file an issue at https://github.com/pytorch/pytorch/issues to help us prioritize adding deterministic support for this operation. (Triggered internally at ../aten/src/ATen/Context.cpp:91.)
  return Variable._execution_engine.run_backward(  # Calls into the C++ engine to run the backward pass
Epoch 004/040 train_loss=1.59149 val_rmse=0.69912 val_tail=0.70059 selection=1.29068 best_epoch=3
/root/miniconda3/lib/python3.12/site-packages/torch/autograd/graph.py:825: UserWarning: upsample_linear1d_backward_out_cuda does not have a deterministic implementation, but you set 'torch.use_deterministic_algorithms(True, warn_only=True)'. You can file an issue at https://github.com/pytorch/pytorch/issues to help us prioritize adding deterministic support for this operation. (Triggered internally at ../aten/src/ATen/Context.cpp:91.)
  return Variable._execution_engine.run_backward(  # Calls into the C++ engine to run the backward pass
Epoch 005/040 train_loss=1.53319 val_rmse=0.70721 val_tail=0.62626 selection=1.26500 best_epoch=3
/root/miniconda3/lib/python3.12/site-packages/torch/autograd/graph.py:825: UserWarning: upsample_linear1d_backward_out_cuda does not have a deterministic implementation, but you set 'torch.use_deterministic_algorithms(True, warn_only=True)'. You can file an issue at https://github.com/pytorch/pytorch/issues to help us prioritize adding deterministic support for this operation. (Triggered internally at ../aten/src/ATen/Context.cpp:91.)
  return Variable._execution_engine.run_backward(  # Calls into the C++ engine to run the backward pass
Epoch 006/040 train_loss=1.50045 val_rmse=0.72750 val_tail=0.65967 selection=1.30749 best_epoch=3
/root/miniconda3/lib/python3.12/site-packages/torch/autograd/graph.py:825: UserWarning: upsample_linear1d_backward_out_cuda does not have a deterministic implementation, but you set 'torch.use_deterministic_algorithms(True, warn_only=True)'. You can file an issue at https://github.com/pytorch/pytorch/issues to help us prioritize adding deterministic support for this operation. (Triggered internally at ../aten/src/ATen/Context.cpp:91.)
  return Variable._execution_engine.run_backward(  # Calls into the C++ engine to run the backward pass
Epoch 007/040 train_loss=1.45578 val_rmse=0.72349 val_tail=0.60804 selection=1.26141 best_epoch=3
/root/miniconda3/lib/python3.12/site-packages/torch/autograd/graph.py:825: UserWarning: upsample_linear1d_backward_out_cuda does not have a deterministic implementation, but you set 'torch.use_deterministic_algorithms(True, warn_only=True)'. You can file an issue at https://github.com/pytorch/pytorch/issues to help us prioritize adding deterministic support for this operation. (Triggered internally at ../aten/src/ATen/Context.cpp:91.)
  return Variable._execution_engine.run_backward(  # Calls into the C++ engine to run the backward pass
Epoch 008/040 train_loss=1.38303 val_rmse=0.69543 val_tail=0.65847 selection=1.27869 best_epoch=3
/root/miniconda3/lib/python3.12/site-packages/torch/autograd/graph.py:825: UserWarning: upsample_linear1d_backward_out_cuda does not have a deterministic implementation, but you set 'torch.use_deterministic_algorithms(True, warn_only=True)'. You can file an issue at https://github.com/pytorch/pytorch/issues to help us prioritize adding deterministic support for this operation. (Triggered internally at ../aten/src/ATen/Context.cpp:91.)
  return Variable._execution_engine.run_backward(  # Calls into the C++ engine to run the backward pass
Epoch 009/040 train_loss=1.27601 val_rmse=0.70724 val_tail=0.64270 selection=1.26746 best_epoch=3
/root/miniconda3/lib/python3.12/site-packages/torch/autograd/graph.py:825: UserWarning: upsample_linear1d_backward_out_cuda does not have a deterministic implementation, but you set 'torch.use_deterministic_algorithms(True, warn_only=True)'. You can file an issue at https://github.com/pytorch/pytorch/issues to help us prioritize adding deterministic support for this operation. (Triggered internally at ../aten/src/ATen/Context.cpp:91.)
  return Variable._execution_engine.run_backward(  # Calls into the C++ engine to run the backward pass
Epoch 010/040 train_loss=1.26005 val_rmse=0.71418 val_tail=0.63446 selection=1.26071 best_epoch=3
/root/miniconda3/lib/python3.12/site-packages/torch/autograd/graph.py:825: UserWarning: upsample_linear1d_backward_out_cuda does not have a deterministic implementation, but you set 'torch.use_deterministic_algorithms(True, warn_only=True)'. You can file an issue at https://github.com/pytorch/pytorch/issues to help us prioritize adding deterministic support for this operation. (Triggered internally at ../aten/src/ATen/Context.cpp:91.)
  return Variable._execution_engine.run_backward(  # Calls into the C++ engine to run the backward pass
Epoch 011/040 train_loss=1.25984 val_rmse=0.69840 val_tail=0.59338 selection=1.21917 best_epoch=3
/root/miniconda3/lib/python3.12/site-packages/torch/autograd/graph.py:825: UserWarning: upsample_linear1d_backward_out_cuda does not have a deterministic implementation, but you set 'torch.use_deterministic_algorithms(True, warn_only=True)'. You can file an issue at https://github.com/pytorch/pytorch/issues to help us prioritize adding deterministic support for this operation. (Triggered internally at ../aten/src/ATen/Context.cpp:91.)
  return Variable._execution_engine.run_backward(  # Calls into the C++ engine to run the backward pass
Epoch 012/040 train_loss=1.19159 val_rmse=0.67495 val_tail=0.67161 selection=1.24344 best_epoch=12
/root/miniconda3/lib/python3.12/site-packages/torch/autograd/graph.py:825: UserWarning: upsample_linear1d_backward_out_cuda does not have a deterministic implementation, but you set 'torch.use_deterministic_algorithms(True, warn_only=True)'. You can file an issue at https://github.com/pytorch/pytorch/issues to help us prioritize adding deterministic support for this operation. (Triggered internally at ../aten/src/ATen/Context.cpp:91.)
  return Variable._execution_engine.run_backward(  # Calls into the C++ engine to run the backward pass
Epoch 013/040 train_loss=1.14505 val_rmse=0.67386 val_tail=0.60154 selection=1.21417 best_epoch=13
/root/miniconda3/lib/python3.12/site-packages/torch/autograd/graph.py:825: UserWarning: upsample_linear1d_backward_out_cuda does not have a deterministic implementation, but you set 'torch.use_deterministic_algorithms(True, warn_only=True)'. You can file an issue at https://github.com/pytorch/pytorch/issues to help us prioritize adding deterministic support for this operation. (Triggered internally at ../aten/src/ATen/Context.cpp:91.)
  return Variable._execution_engine.run_backward(  # Calls into the C++ engine to run the backward pass
Epoch 014/040 train_loss=1.12463 val_rmse=0.67036 val_tail=0.63734 selection=1.23134 best_epoch=14
/root/miniconda3/lib/python3.12/site-packages/torch/autograd/graph.py:825: UserWarning: upsample_linear1d_backward_out_cuda does not have a deterministic implementation, but you set 'torch.use_deterministic_algorithms(True, warn_only=True)'. You can file an issue at https://github.com/pytorch/pytorch/issues to help us prioritize adding deterministic support for this operation. (Triggered internally at ../aten/src/ATen/Context.cpp:91.)
  return Variable._execution_engine.run_backward(  # Calls into the C++ engine to run the backward pass
Epoch 015/040 train_loss=0.97601 val_rmse=0.62803 val_tail=0.63747 selection=1.20141 best_epoch=15
/root/miniconda3/lib/python3.12/site-packages/torch/autograd/graph.py:825: UserWarning: upsample_linear1d_backward_out_cuda does not have a deterministic implementation, but you set 'torch.use_deterministic_algorithms(True, warn_only=True)'. You can file an issue at https://github.com/pytorch/pytorch/issues to help us prioritize adding deterministic support for this operation. (Triggered internally at ../aten/src/ATen/Context.cpp:91.)
  return Variable._execution_engine.run_backward(  # Calls into the C++ engine to run the backward pass
Epoch 016/040 train_loss=0.97399 val_rmse=0.63900 val_tail=0.62995 selection=1.18392 best_epoch=15
/root/miniconda3/lib/python3.12/site-packages/torch/autograd/graph.py:825: UserWarning: upsample_linear1d_backward_out_cuda does not have a deterministic implementation, but you set 'torch.use_deterministic_algorithms(True, warn_only=True)'. You can file an issue at https://github.com/pytorch/pytorch/issues to help us prioritize adding deterministic support for this operation. (Triggered internally at ../aten/src/ATen/Context.cpp:91.)
  return Variable._execution_engine.run_backward(  # Calls into the C++ engine to run the backward pass
Epoch 017/040 train_loss=0.87430 val_rmse=0.63031 val_tail=0.60963 selection=1.14793 best_epoch=15
/root/miniconda3/lib/python3.12/site-packages/torch/autograd/graph.py:825: UserWarning: upsample_linear1d_backward_out_cuda does not have a deterministic implementation, but you set 'torch.use_deterministic_algorithms(True, warn_only=True)'. You can file an issue at https://github.com/pytorch/pytorch/issues to help us prioritize adding deterministic support for this operation. (Triggered internally at ../aten/src/ATen/Context.cpp:91.)
  return Variable._execution_engine.run_backward(  # Calls into the C++ engine to run the backward pass
Epoch 018/040 train_loss=0.82766 val_rmse=0.58244 val_tail=0.55729 selection=1.13123 best_epoch=18
/root/miniconda3/lib/python3.12/site-packages/torch/autograd/graph.py:825: UserWarning: upsample_linear1d_backward_out_cuda does not have a deterministic implementation, but you set 'torch.use_deterministic_algorithms(True, warn_only=True)'. You can file an issue at https://github.com/pytorch/pytorch/issues to help us prioritize adding deterministic support for this operation. (Triggered internally at ../aten/src/ATen/Context.cpp:91.)
  return Variable._execution_engine.run_backward(  # Calls into the C++ engine to run the backward pass
Epoch 019/040 train_loss=0.81683 val_rmse=0.58755 val_tail=0.59181 selection=1.13485 best_epoch=18
/root/miniconda3/lib/python3.12/site-packages/torch/autograd/graph.py:825: UserWarning: upsample_linear1d_backward_out_cuda does not have a deterministic implementation, but you set 'torch.use_deterministic_algorithms(True, warn_only=True)'. You can file an issue at https://github.com/pytorch/pytorch/issues to help us prioritize adding deterministic support for this operation. (Triggered internally at ../aten/src/ATen/Context.cpp:91.)
  return Variable._execution_engine.run_backward(  # Calls into the C++ engine to run the backward pass
Epoch 020/040 train_loss=0.81659 val_rmse=0.61005 val_tail=0.57981 selection=1.12227 best_epoch=18
/root/miniconda3/lib/python3.12/site-packages/torch/autograd/graph.py:825: UserWarning: upsample_linear1d_backward_out_cuda does not have a deterministic implementation, but you set 'torch.use_deterministic_algorithms(True, warn_only=True)'. You can file an issue at https://github.com/pytorch/pytorch/issues to help us prioritize adding deterministic support for this operation. (Triggered internally at ../aten/src/ATen/Context.cpp:91.)
  return Variable._execution_engine.run_backward(  # Calls into the C++ engine to run the backward pass
Epoch 021/040 train_loss=0.80545 val_rmse=0.59639 val_tail=0.59453 selection=1.13302 best_epoch=18
/root/miniconda3/lib/python3.12/site-packages/torch/autograd/graph.py:825: UserWarning: upsample_linear1d_backward_out_cuda does not have a deterministic implementation, but you set 'torch.use_deterministic_algorithms(True, warn_only=True)'. You can file an issue at https://github.com/pytorch/pytorch/issues to help us prioritize adding deterministic support for this operation. (Triggered internally at ../aten/src/ATen/Context.cpp:91.)
  return Variable._execution_engine.run_backward(  # Calls into the C++ engine to run the backward pass
Epoch 022/040 train_loss=0.75215 val_rmse=0.59500 val_tail=0.58093 selection=1.11333 best_epoch=18
/root/miniconda3/lib/python3.12/site-packages/torch/autograd/graph.py:825: UserWarning: upsample_linear1d_backward_out_cuda does not have a deterministic implementation, but you set 'torch.use_deterministic_algorithms(True, warn_only=True)'. You can file an issue at https://github.com/pytorch/pytorch/issues to help us prioritize adding deterministic support for this operation. (Triggered internally at ../aten/src/ATen/Context.cpp:91.)
  return Variable._execution_engine.run_backward(  # Calls into the C++ engine to run the backward pass
Epoch 023/040 train_loss=0.76028 val_rmse=0.58540 val_tail=0.59528 selection=1.11898 best_epoch=18
/root/miniconda3/lib/python3.12/site-packages/torch/autograd/graph.py:825: UserWarning: upsample_linear1d_backward_out_cuda does not have a deterministic implementation, but you set 'torch.use_deterministic_algorithms(True, warn_only=True)'. You can file an issue at https://github.com/pytorch/pytorch/issues to help us prioritize adding deterministic support for this operation. (Triggered internally at ../aten/src/ATen/Context.cpp:91.)
  return Variable._execution_engine.run_backward(  # Calls into the C++ engine to run the backward pass
Epoch 024/040 train_loss=0.66105 val_rmse=0.59512 val_tail=0.59932 selection=1.11946 best_epoch=18
/root/miniconda3/lib/python3.12/site-packages/torch/autograd/graph.py:825: UserWarning: upsample_linear1d_backward_out_cuda does not have a deterministic implementation, but you set 'torch.use_deterministic_algorithms(True, warn_only=True)'. You can file an issue at https://github.com/pytorch/pytorch/issues to help us prioritize adding deterministic support for this operation. (Triggered internally at ../aten/src/ATen/Context.cpp:91.)
  return Variable._execution_engine.run_backward(  # Calls into the C++ engine to run the backward pass
Epoch 025/040 train_loss=0.65820 val_rmse=0.56494 val_tail=0.56334 selection=1.09189 best_epoch=25
/root/miniconda3/lib/python3.12/site-packages/torch/autograd/graph.py:825: UserWarning: upsample_linear1d_backward_out_cuda does not have a deterministic implementation, but you set 'torch.use_deterministic_algorithms(True, warn_only=True)'. You can file an issue at https://github.com/pytorch/pytorch/issues to help us prioritize adding deterministic support for this operation. (Triggered internally at ../aten/src/ATen/Context.cpp:91.)
  return Variable._execution_engine.run_backward(  # Calls into the C++ engine to run the backward pass
Epoch 026/040 train_loss=0.63167 val_rmse=0.58113 val_tail=0.57120 selection=1.10964 best_epoch=25
/root/miniconda3/lib/python3.12/site-packages/torch/autograd/graph.py:825: UserWarning: upsample_linear1d_backward_out_cuda does not have a deterministic implementation, but you set 'torch.use_deterministic_algorithms(True, warn_only=True)'. You can file an issue at https://github.com/pytorch/pytorch/issues to help us prioritize adding deterministic support for this operation. (Triggered internally at ../aten/src/ATen/Context.cpp:91.)
  return Variable._execution_engine.run_backward(  # Calls into the C++ engine to run the backward pass
Epoch 027/040 train_loss=0.56631 val_rmse=0.62388 val_tail=0.64536 selection=1.16302 best_epoch=25
/root/miniconda3/lib/python3.12/site-packages/torch/autograd/graph.py:825: UserWarning: upsample_linear1d_backward_out_cuda does not have a deterministic implementation, but you set 'torch.use_deterministic_algorithms(True, warn_only=True)'. You can file an issue at https://github.com/pytorch/pytorch/issues to help us prioritize adding deterministic support for this operation. (Triggered internally at ../aten/src/ATen/Context.cpp:91.)
  return Variable._execution_engine.run_backward(  # Calls into the C++ engine to run the backward pass
Epoch 028/040 train_loss=0.61679 val_rmse=0.60139 val_tail=0.61643 selection=1.13599 best_epoch=25
/root/miniconda3/lib/python3.12/site-packages/torch/autograd/graph.py:825: UserWarning: upsample_linear1d_backward_out_cuda does not have a deterministic implementation, but you set 'torch.use_deterministic_algorithms(True, warn_only=True)'. You can file an issue at https://github.com/pytorch/pytorch/issues to help us prioritize adding deterministic support for this operation. (Triggered internally at ../aten/src/ATen/Context.cpp:91.)
  return Variable._execution_engine.run_backward(  # Calls into the C++ engine to run the backward pass
Epoch 029/040 train_loss=0.60981 val_rmse=0.59347 val_tail=0.59344 selection=1.12825 best_epoch=25
/root/miniconda3/lib/python3.12/site-packages/torch/autograd/graph.py:825: UserWarning: upsample_linear1d_backward_out_cuda does not have a deterministic implementation, but you set 'torch.use_deterministic_algorithms(True, warn_only=True)'. You can file an issue at https://github.com/pytorch/pytorch/issues to help us prioritize adding deterministic support for this operation. (Triggered internally at ../aten/src/ATen/Context.cpp:91.)
  return Variable._execution_engine.run_backward(  # Calls into the C++ engine to run the backward pass
Epoch 030/040 train_loss=0.60505 val_rmse=0.58017 val_tail=0.59666 selection=1.11017 best_epoch=25
/root/miniconda3/lib/python3.12/site-packages/torch/autograd/graph.py:825: UserWarning: upsample_linear1d_backward_out_cuda does not have a deterministic implementation, but you set 'torch.use_deterministic_algorithms(True, warn_only=True)'. You can file an issue at https://github.com/pytorch/pytorch/issues to help us prioritize adding deterministic support for this operation. (Triggered internally at ../aten/src/ATen/Context.cpp:91.)
  return Variable._execution_engine.run_backward(  # Calls into the C++ engine to run the backward pass
Epoch 031/040 train_loss=0.53871 val_rmse=0.58913 val_tail=0.62818 selection=1.12616 best_epoch=25
/root/miniconda3/lib/python3.12/site-packages/torch/autograd/graph.py:825: UserWarning: upsample_linear1d_backward_out_cuda does not have a deterministic implementation, but you set 'torch.use_deterministic_algorithms(True, warn_only=True)'. You can file an issue at https://github.com/pytorch/pytorch/issues to help us prioritize adding deterministic support for this operation. (Triggered internally at ../aten/src/ATen/Context.cpp:91.)
  return Variable._execution_engine.run_backward(  # Calls into the C++ engine to run the backward pass
Epoch 032/040 train_loss=0.53923 val_rmse=0.58570 val_tail=0.59514 selection=1.12161 best_epoch=25
/root/miniconda3/lib/python3.12/site-packages/torch/autograd/graph.py:825: UserWarning: upsample_linear1d_backward_out_cuda does not have a deterministic implementation, but you set 'torch.use_deterministic_algorithms(True, warn_only=True)'. You can file an issue at https://github.com/pytorch/pytorch/issues to help us prioritize adding deterministic support for this operation. (Triggered internally at ../aten/src/ATen/Context.cpp:91.)
  return Variable._execution_engine.run_backward(  # Calls into the C++ engine to run the backward pass
Epoch 033/040 train_loss=0.55011 val_rmse=0.60610 val_tail=0.58942 selection=1.12058 best_epoch=25
/root/miniconda3/lib/python3.12/site-packages/torch/autograd/graph.py:825: UserWarning: upsample_linear1d_backward_out_cuda does not have a deterministic implementation, but you set 'torch.use_deterministic_algorithms(True, warn_only=True)'. You can file an issue at https://github.com/pytorch/pytorch/issues to help us prioritize adding deterministic support for this operation. (Triggered internally at ../aten/src/ATen/Context.cpp:91.)
  return Variable._execution_engine.run_backward(  # Calls into the C++ engine to run the backward pass
Epoch 034/040 train_loss=0.51729 val_rmse=0.58203 val_tail=0.62270 selection=1.13592 best_epoch=25
/root/miniconda3/lib/python3.12/site-packages/torch/autograd/graph.py:825: UserWarning: upsample_linear1d_backward_out_cuda does not have a deterministic implementation, but you set 'torch.use_deterministic_algorithms(True, warn_only=True)'. You can file an issue at https://github.com/pytorch/pytorch/issues to help us prioritize adding deterministic support for this operation. (Triggered internally at ../aten/src/ATen/Context.cpp:91.)
  return Variable._execution_engine.run_backward(  # Calls into the C++ engine to run the backward pass
Epoch 035/040 train_loss=0.51435 val_rmse=0.57651 val_tail=0.61284 selection=1.14510 best_epoch=25
/root/miniconda3/lib/python3.12/site-packages/torch/autograd/graph.py:825: UserWarning: upsample_linear1d_backward_out_cuda does not have a deterministic implementation, but you set 'torch.use_deterministic_algorithms(True, warn_only=True)'. You can file an issue at https://github.com/pytorch/pytorch/issues to help us prioritize adding deterministic support for this operation. (Triggered internally at ../aten/src/ATen/Context.cpp:91.)
  return Variable._execution_engine.run_backward(  # Calls into the C++ engine to run the backward pass
Epoch 036/040 train_loss=0.47423 val_rmse=0.58106 val_tail=0.59491 selection=1.11328 best_epoch=25
/root/miniconda3/lib/python3.12/site-packages/torch/autograd/graph.py:825: UserWarning: upsample_linear1d_backward_out_cuda does not have a deterministic implementation, but you set 'torch.use_deterministic_algorithms(True, warn_only=True)'. You can file an issue at https://github.com/pytorch/pytorch/issues to help us prioritize adding deterministic support for this operation. (Triggered internally at ../aten/src/ATen/Context.cpp:91.)
  return Variable._execution_engine.run_backward(  # Calls into the C++ engine to run the backward pass
Epoch 037/040 train_loss=0.46539 val_rmse=0.59802 val_tail=0.60815 selection=1.13452 best_epoch=25
/root/miniconda3/lib/python3.12/site-packages/torch/autograd/graph.py:825: UserWarning: upsample_linear1d_backward_out_cuda does not have a deterministic implementation, but you set 'torch.use_deterministic_algorithms(True, warn_only=True)'. You can file an issue at https://github.com/pytorch/pytorch/issues to help us prioritize adding deterministic support for this operation. (Triggered internally at ../aten/src/ATen/Context.cpp:91.)
  return Variable._execution_engine.run_backward(  # Calls into the C++ engine to run the backward pass
Epoch 038/040 train_loss=0.46073 val_rmse=0.57314 val_tail=0.59452 selection=1.11114 best_epoch=25
/root/miniconda3/lib/python3.12/site-packages/torch/autograd/graph.py:825: UserWarning: upsample_linear1d_backward_out_cuda does not have a deterministic implementation, but you set 'torch.use_deterministic_algorithms(True, warn_only=True)'. You can file an issue at https://github.com/pytorch/pytorch/issues to help us prioritize adding deterministic support for this operation. (Triggered internally at ../aten/src/ATen/Context.cpp:91.)
  return Variable._execution_engine.run_backward(  # Calls into the C++ engine to run the backward pass
Epoch 039/040 train_loss=0.46859 val_rmse=0.60858 val_tail=0.63129 selection=1.14861 best_epoch=25
/root/miniconda3/lib/python3.12/site-packages/torch/autograd/graph.py:825: UserWarning: upsample_linear1d_backward_out_cuda does not have a deterministic implementation, but you set 'torch.use_deterministic_algorithms(True, warn_only=True)'. You can file an issue at https://github.com/pytorch/pytorch/issues to help us prioritize adding deterministic support for this operation. (Triggered internally at ../aten/src/ATen/Context.cpp:91.)
  return Variable._execution_engine.run_backward(  # Calls into the C++ engine to run the backward pass
Epoch 040/040 train_loss=0.46906 val_rmse=0.61998 val_tail=0.63193 selection=1.14717 best_epoch=25
/root/autodl-tmp/data_process/02_code/final_code/model/training/fair_vehicle_event_comparison_20260427/prediction_plotting.py:470: UserWarning: Glyph 27178 (\N{CJK UNIFIED IDEOGRAPH-6A2A}) missing from font(s) DejaVu Sans.
  fig.tight_layout()
/root/autodl-tmp/data_process/02_code/final_code/model/training/fair_vehicle_event_comparison_20260427/prediction_plotting.py:470: UserWarning: Glyph 28378 (\N{CJK UNIFIED IDEOGRAPH-6EDA}) missing from font(s) DejaVu Sans.
  fig.tight_layout()
/root/autodl-tmp/data_process/02_code/final_code/model/training/fair_vehicle_event_comparison_20260427/prediction_plotting.py:470: UserWarning: Glyph 23039 (\N{CJK UNIFIED IDEOGRAPH-59FF}) missing from font(s) DejaVu Sans.
  fig.tight_layout()
/root/autodl-tmp/data_process/02_code/final_code/model/training/fair_vehicle_event_comparison_20260427/prediction_plotting.py:470: UserWarning: Glyph 24577 (\N{CJK UNIFIED IDEOGRAPH-6001}) missing from font(s) DejaVu Sans.
  fig.tight_layout()
/root/autodl-tmp/data_process/02_code/final_code/model/training/fair_vehicle_event_comparison_20260427/prediction_plotting.py:472: UserWarning: Glyph 27178 (\N{CJK UNIFIED IDEOGRAPH-6A2A}) missing from font(s) DejaVu Sans.
  fig.savefig(out_path, dpi=180)
/root/autodl-tmp/data_process/02_code/final_code/model/training/fair_vehicle_event_comparison_20260427/prediction_plotting.py:472: UserWarning: Glyph 28378 (\N{CJK UNIFIED IDEOGRAPH-6EDA}) missing from font(s) DejaVu Sans.
  fig.savefig(out_path, dpi=180)
/root/autodl-tmp/data_process/02_code/final_code/model/training/fair_vehicle_event_comparison_20260427/prediction_plotting.py:472: UserWarning: Glyph 23039 (\N{CJK UNIFIED IDEOGRAPH-59FF}) missing from font(s) DejaVu Sans.
  fig.savefig(out_path, dpi=180)
/root/autodl-tmp/data_process/02_code/final_code/model/training/fair_vehicle_event_comparison_20260427/prediction_plotting.py:472: UserWarning: Glyph 24577 (\N{CJK UNIFIED IDEOGRAPH-6001}) missing from font(s) DejaVu Sans.
  fig.savefig(out_path, dpi=180)
/root/autodl-tmp/data_process/02_code/final_code/model/training/fair_vehicle_event_comparison_20260427/prediction_plotting.py:470: UserWarning: Glyph 24367 (\N{CJK UNIFIED IDEOGRAPH-5F2F}) missing from font(s) DejaVu Sans.
  fig.tight_layout()
/root/autodl-tmp/data_process/02_code/final_code/model/training/fair_vehicle_event_comparison_20260427/prediction_plotting.py:470: UserWarning: Glyph 36947 (\N{CJK UNIFIED IDEOGRAPH-9053}) missing from font(s) DejaVu Sans.
  fig.tight_layout()
/root/autodl-tmp/data_process/02_code/final_code/model/training/fair_vehicle_event_comparison_20260427/prediction_plotting.py:470: UserWarning: Glyph 26354 (\N{CJK UNIFIED IDEOGRAPH-66F2}) missing from font(s) DejaVu Sans.
  fig.tight_layout()
/root/autodl-tmp/data_process/02_code/final_code/model/training/fair_vehicle_event_comparison_20260427/prediction_plotting.py:470: UserWarning: Glyph 29575 (\N{CJK UNIFIED IDEOGRAPH-7387}) missing from font(s) DejaVu Sans.
  fig.tight_layout()
/root/autodl-tmp/data_process/02_code/final_code/model/training/fair_vehicle_event_comparison_20260427/prediction_plotting.py:472: UserWarning: Glyph 24367 (\N{CJK UNIFIED IDEOGRAPH-5F2F}) missing from font(s) DejaVu Sans.
  fig.savefig(out_path, dpi=180)
/root/autodl-tmp/data_process/02_code/final_code/model/training/fair_vehicle_event_comparison_20260427/prediction_plotting.py:472: UserWarning: Glyph 36947 (\N{CJK UNIFIED IDEOGRAPH-9053}) missing from font(s) DejaVu Sans.
  fig.savefig(out_path, dpi=180)
/root/autodl-tmp/data_process/02_code/final_code/model/training/fair_vehicle_event_comparison_20260427/prediction_plotting.py:472: UserWarning: Glyph 26354 (\N{CJK UNIFIED IDEOGRAPH-66F2}) missing from font(s) DejaVu Sans.
  fig.savefig(out_path, dpi=180)
/root/autodl-tmp/data_process/02_code/final_code/model/training/fair_vehicle_event_comparison_20260427/prediction_plotting.py:472: UserWarning: Glyph 29575 (\N{CJK UNIFIED IDEOGRAPH-7387}) missing from font(s) DejaVu Sans.
  fig.savefig(out_path, dpi=180)
/root/autodl-tmp/data_process/02_code/final_code/model/training/fair_vehicle_event_comparison_20260427/prediction_plotting.py:470: UserWarning: Glyph 20302 (\N{CJK UNIFIED IDEOGRAPH-4F4E}) missing from font(s) DejaVu Sans.
  fig.tight_layout()
/root/autodl-tmp/data_process/02_code/final_code/model/training/fair_vehicle_event_comparison_20260427/prediction_plotting.py:470: UserWarning: Glyph 38468 (\N{CJK UNIFIED IDEOGRAPH-9644}) missing from font(s) DejaVu Sans.
  fig.tight_layout()
/root/autodl-tmp/data_process/02_code/final_code/model/training/fair_vehicle_event_comparison_20260427/prediction_plotting.py:470: UserWarning: Glyph 30528 (\N{CJK UNIFIED IDEOGRAPH-7740}) missing from font(s) DejaVu Sans.
  fig.tight_layout()
/root/autodl-tmp/data_process/02_code/final_code/model/training/fair_vehicle_event_comparison_20260427/prediction_plotting.py:472: UserWarning: Glyph 20302 (\N{CJK UNIFIED IDEOGRAPH-4F4E}) missing from font(s) DejaVu Sans.
  fig.savefig(out_path, dpi=180)
/root/autodl-tmp/data_process/02_code/final_code/model/training/fair_vehicle_event_comparison_20260427/prediction_plotting.py:472: UserWarning: Glyph 38468 (\N{CJK UNIFIED IDEOGRAPH-9644}) missing from font(s) DejaVu Sans.
  fig.savefig(out_path, dpi=180)
/root/autodl-tmp/data_process/02_code/final_code/model/training/fair_vehicle_event_comparison_20260427/prediction_plotting.py:472: UserWarning: Glyph 30528 (\N{CJK UNIFIED IDEOGRAPH-7740}) missing from font(s) DejaVu Sans.
  fig.savefig(out_path, dpi=180)
{
  "exp_id": "SF3",
  "seed": 2026,
  "label_cn": "车辆 + 连续风格 + 肌电",
  "group_cn": "单信号+风格",
  "status": "completed",
  "started_at": "2026-05-20 14:48:44",
  "completed_at": "2026-05-20 14:52:06",
  "device": "cuda",
  "run_root": "/root/autodl-tmp/data_process/tmp/event_conditioned_runs/V05P_SF3_2026_20260520_144844",
  "teacher_from": "",
  "teacher_checkpoint": "",
  "prediction_overview": "/root/autodl-tmp/data_process/tmp/event_conditioned_runs/V05P_SF3_2026_20260520_144844/prediction_figures/test/overview.png",
  "prediction_figures_dir": "/root/autodl-tmp/data_process/tmp/event_conditioned_runs/V05P_SF3_2026_20260520_144844/prediction_figures/test"
}
