2026-05-12T13:01:02 - "GET / HTTP/1.1" 200 -
2026-05-12T13:01:02 - "GET /api/sessions HTTP/1.1" 200 -
2026-05-12T13:01:19 - "POST /api/label HTTP/1.1" 200 -
2026-05-12T13:01:19 - "POST /api/undo HTTP/1.1" 200 -
2026-05-12T13:01:20 - "GET /api/session?subject=rjy&session_stamp=2025_09_28_20_02_20 HTTP/1.1" 200 -
2026-05-12T13:04:30 - "GET /api/labels HTTP/1.1" 200 -
2026-05-12T13:06:17 - "GET /api/labels HTTP/1.1" 200 -
2026-05-12T13:06:34 - "GET / HTTP/1.1" 200 -
2026-05-12T13:06:36 - "GET /api/sessions HTTP/1.1" 200 -
2026-05-12T13:06:36 - "GET /api/session?subject=rjy&session_stamp=2025_09_28_20_02_20 HTTP/1.1" 200 -
2026-05-12T13:06:36 - "GET /api/labels HTTP/1.1" 200 -
2026-05-12T13:07:00 - "GET / HTTP/1.1" 200 -
2026-05-12T13:07:00 - "GET /api/sessions HTTP/1.1" 200 -
2026-05-12T13:07:00 - "GET /api/session?subject=rjy&session_stamp=2025_09_28_20_02_20 HTTP/1.1" 200 -
2026-05-12T13:07:00 - "GET /favicon.ico HTTP/1.1" 404 -
2026-05-12T13:07:00 - "GET /api/labels HTTP/1.1" 200 -
2026-05-12T13:08:19 - "POST /api/label HTTP/1.1" 200 -
2026-05-12T13:08:33 - "POST /api/label HTTP/1.1" 200 -
2026-05-12T13:08:49 - "POST /api/label HTTP/1.1" 200 -
2026-05-12T13:08:55 - "POST /api/label HTTP/1.1" 200 -
2026-05-12T13:09:22 - "POST /api/label HTTP/1.1" 200 -
2026-05-12T13:15:49 - "GET / HTTP/1.1" 200 -
2026-05-12T13:16:05 - "GET /api/session?subject=rjy&session_stamp=2025_09_28_20_02_20 HTTP/1.1" 200 -
2026-05-12T13:17:43 - "GET / HTTP/1.1" 200 -
2026-05-12T13:17:44 - "GET /api/session?subject=rjy&session_stamp=2025_09_28_20_02_20 HTTP/1.1" 200 -
2026-05-12T13:18:35 - "GET / HTTP/1.1" 200 -
2026-05-12T13:18:35 - "GET /api/sessions HTTP/1.1" 200 -
2026-05-12T13:18:35 - "GET /api/session?subject=rjy&session_stamp=2025_09_28_20_02_20 HTTP/1.1" 200 -
2026-05-12T13:18:35 - "GET /api/labels HTTP/1.1" 200 -
2026-05-12T13:20:41 - "GET / HTTP/1.1" 200 -
2026-05-12T13:20:42 - "GET /api/session?subject=rjy&session_stamp=2025_09_28_20_02_20 HTTP/1.1" 200 -
2026-05-12T13:20:51 - "GET / HTTP/1.1" 200 -
2026-05-12T13:20:51 - "GET /api/sessions HTTP/1.1" 200 -
2026-05-12T13:20:51 - "GET /api/session?subject=rjy&session_stamp=2025_09_28_20_02_20 HTTP/1.1" 200 -
2026-05-12T13:20:51 - "GET /api/labels HTTP/1.1" 200 -
2026-05-12T13:23:09 - "GET /api/session?subject=rjy&session_stamp=2025_09_28_20_02_20 HTTP/1.1" 200 -
2026-05-12T13:26:03 - "GET / HTTP/1.1" 200 -
2026-05-12T13:26:03 - "GET /api/sessions HTTP/1.1" 200 -
2026-05-12T13:26:05 - "GET /api/session?subject=rjy&session_stamp=2025_09_28_20_02_20 HTTP/1.1" 200 -
2026-05-12T13:26:05 - "GET /api/labels HTTP/1.1" 200 -
2026-05-12T13:26:15 - "GET / HTTP/1.1" 200 -
2026-05-12T13:26:35 - "POST /api/label HTTP/1.1" 200 -
2026-05-12T13:27:01 - "POST /api/label HTTP/1.1" 200 -
2026-05-12T13:27:25 - "POST /api/label HTTP/1.1" 200 -
2026-05-12T13:27:49 - "GET / HTTP/1.1" 200 -
2026-05-12T13:27:52 - "POST /api/label HTTP/1.1" 200 -
2026-05-12T13:29:26 - "GET / HTTP/1.1" 200 -
2026-05-12T13:39:45 - "POST /api/label HTTP/1.1" 200 -
2026-05-12T13:39:57 - "POST /api/label HTTP/1.1" 200 -
2026-05-12T14:48:47 - "GET / HTTP/1.1" 200 -
2026-05-12T14:48:47 - "GET /api/sessions HTTP/1.1" 200 -
2026-05-12T14:48:47 - "GET /api/session?subject=rjy&session_stamp=2025_09_28_20_02_20 HTTP/1.1" 200 -
2026-05-12T14:48:47 - "GET /api/labels HTTP/1.1" 200 -
2026-05-12T14:49:48 - "GET /api/sessions HTTP/1.1" 200 -
2026-05-12T14:49:48 - "GET /api/sessions HTTP/1.1" 200 -
2026-05-12T14:50:13 - "GET /api/sessions HTTP/1.1" 200 -
2026-05-12T14:50:51 - "GET / HTTP/1.1" 200 -
2026-05-12T14:50:51 - "GET /api/sessions HTTP/1.1" 200 -
2026-05-12T14:50:53 - "GET /api/session?subject=hzh&session_stamp=2025_09_26_20_50_27 HTTP/1.1" 200 -
2026-05-12T14:50:53 - "GET /api/labels HTTP/1.1" 200 -
2026-05-12T14:52:23 - "GET / HTTP/1.1" 200 -
2026-05-12T14:52:23 - "GET /api/sessions HTTP/1.1" 200 -
2026-05-12T14:52:23 - "GET /api/session?subject=hzh&session_stamp=2025_09_26_20_50_27 HTTP/1.1" 200 -
2026-05-12T14:52:24 - "GET /api/labels HTTP/1.1" 200 -
2026-05-12T14:56:30 - "GET /api/session?subject=hzh&session_stamp=2025_09_26_20_50_27 HTTP/1.1" 200 -
2026-05-12T14:59:53 - "GET /api/sessions HTTP/1.1" 200 -
2026-05-12T15:19:54 - "GET / HTTP/1.1" 200 -
2026-05-12T15:19:54 - "GET /api/sessions HTTP/1.1" 200 -
2026-05-12T15:19:54 - "GET /api/session?subject=hzh&session_stamp=2025_09_26_20_50_27 HTTP/1.1" 200 -
2026-05-12T15:19:54 - "GET /api/labels HTTP/1.1" 200 -
2026-05-12T15:20:27 - "POST /api/label HTTP/1.1" 200 -
2026-05-12T15:20:28 - "POST /api/label HTTP/1.1" 200 -
2026-05-12T15:20:30 - "POST /api/label HTTP/1.1" 200 -
2026-05-12T15:20:53 - "POST /api/label HTTP/1.1" 200 -
2026-05-12T15:20:56 - "POST /api/label HTTP/1.1" 200 -
2026-05-12T15:20:59 - "POST /api/label HTTP/1.1" 200 -
2026-05-12T15:21:23 - "POST /api/label HTTP/1.1" 200 -
2026-05-12T15:21:35 - "POST /api/label HTTP/1.1" 200 -
2026-05-12T15:21:38 - "POST /api/label HTTP/1.1" 200 -
2026-05-12T15:21:39 - "POST /api/label HTTP/1.1" 200 -
2026-05-12T15:21:41 - "POST /api/label HTTP/1.1" 200 -
2026-05-12T15:22:03 - "POST /api/label HTTP/1.1" 200 -
2026-05-12T15:22:21 - "POST /api/label HTTP/1.1" 200 -
2026-05-12T15:22:52 - "POST /api/label HTTP/1.1" 200 -
2026-05-12T15:23:06 - "POST /api/label HTTP/1.1" 200 -
2026-05-12T15:23:10 - "POST /api/label HTTP/1.1" 200 -
2026-05-12T15:23:37 - "POST /api/label HTTP/1.1" 200 -
2026-05-12T15:23:41 - "POST /api/label HTTP/1.1" 200 -
2026-05-12T15:23:50 - "POST /api/label HTTP/1.1" 200 -
2026-05-12T15:24:03 - "POST /api/label HTTP/1.1" 200 -
2026-05-12T15:24:18 - "POST /api/label HTTP/1.1" 200 -
2026-05-12T15:24:26 - "POST /api/label HTTP/1.1" 200 -
2026-05-12T15:24:42 - "POST /api/label HTTP/1.1" 200 -
2026-05-12T15:24:48 - "POST /api/label HTTP/1.1" 200 -
2026-05-12T15:24:53 - "POST /api/label HTTP/1.1" 200 -
2026-05-12T15:24:57 - "POST /api/label HTTP/1.1" 200 -
2026-05-12T15:24:59 - "POST /api/label HTTP/1.1" 200 -
2026-05-12T15:25:19 - "POST /api/label HTTP/1.1" 200 -
2026-05-12T15:26:33 - "POST /api/label HTTP/1.1" 200 -
2026-05-12T15:26:35 - "POST /api/label HTTP/1.1" 200 -
2026-05-12T15:26:43 - "POST /api/label HTTP/1.1" 200 -
