G15 route1: loading FAIR sample bundle...
G15 feature set: 触发前车辆和事件信息
G15 feature set: 触发前车辆事件加连续风格
G15 feature set: 触发前车辆事件加连续风格和肌电
/root/autodl-tmp/data_process/02_code/final_code/model/training/fair_vehicle_event_comparison_20260427/run_g15_retrieval_residual.py:305: UserWarning: Glyph 30495 (\N{CJK UNIFIED IDEOGRAPH-771F}) missing from font(s) DejaVu Sans.
  fig.savefig(plot_dir / "g15_selected_g11_comparison.png", dpi=170)
/root/autodl-tmp/data_process/02_code/final_code/model/training/fair_vehicle_event_comparison_20260427/run_g15_retrieval_residual.py:305: UserWarning: Glyph 23454 (\N{CJK UNIFIED IDEOGRAPH-5B9E}) missing from font(s) DejaVu Sans.
  fig.savefig(plot_dir / "g15_selected_g11_comparison.png", dpi=170)
/root/autodl-tmp/data_process/02_code/final_code/model/training/fair_vehicle_event_comparison_20260427/run_g15_retrieval_residual.py:305: UserWarning: Glyph 30456 (\N{CJK UNIFIED IDEOGRAPH-76F8}) missing from font(s) DejaVu Sans.
  fig.savefig(plot_dir / "g15_selected_g11_comparison.png", dpi=170)
/root/autodl-tmp/data_process/02_code/final_code/model/training/fair_vehicle_event_comparison_20260427/run_g15_retrieval_residual.py:305: UserWarning: Glyph 20284 (\N{CJK UNIFIED IDEOGRAPH-4F3C}) missing from font(s) DejaVu Sans.
  fig.savefig(plot_dir / "g15_selected_g11_comparison.png", dpi=170)
/root/autodl-tmp/data_process/02_code/final_code/model/training/fair_vehicle_event_comparison_20260427/run_g15_retrieval_residual.py:305: UserWarning: Glyph 21382 (\N{CJK UNIFIED IDEOGRAPH-5386}) missing from font(s) DejaVu Sans.
  fig.savefig(plot_dir / "g15_selected_g11_comparison.png", dpi=170)
/root/autodl-tmp/data_process/02_code/final_code/model/training/fair_vehicle_event_comparison_20260427/run_g15_retrieval_residual.py:305: UserWarning: Glyph 21490 (\N{CJK UNIFIED IDEOGRAPH-53F2}) missing from font(s) DejaVu Sans.
  fig.savefig(plot_dir / "g15_selected_g11_comparison.png", dpi=170)
/root/autodl-tmp/data_process/02_code/final_code/model/training/fair_vehicle_event_comparison_20260427/run_g15_retrieval_residual.py:305: UserWarning: Glyph 26816 (\N{CJK UNIFIED IDEOGRAPH-68C0}) missing from font(s) DejaVu Sans.
  fig.savefig(plot_dir / "g15_selected_g11_comparison.png", dpi=170)
/root/autodl-tmp/data_process/02_code/final_code/model/training/fair_vehicle_event_comparison_20260427/run_g15_retrieval_residual.py:305: UserWarning: Glyph 32034 (\N{CJK UNIFIED IDEOGRAPH-7D22}) missing from font(s) DejaVu Sans.
  fig.savefig(plot_dir / "g15_selected_g11_comparison.png", dpi=170)
/root/autodl-tmp/data_process/02_code/final_code/model/training/fair_vehicle_event_comparison_20260427/run_g15_retrieval_residual.py:305: UserWarning: Glyph 21152 (\N{CJK UNIFIED IDEOGRAPH-52A0}) missing from font(s) DejaVu Sans.
  fig.savefig(plot_dir / "g15_selected_g11_comparison.png", dpi=170)
/root/autodl-tmp/data_process/02_code/final_code/model/training/fair_vehicle_event_comparison_20260427/run_g15_retrieval_residual.py:305: UserWarning: Glyph 27531 (\N{CJK UNIFIED IDEOGRAPH-6B8B}) missing from font(s) DejaVu Sans.
  fig.savefig(plot_dir / "g15_selected_g11_comparison.png", dpi=170)
/root/autodl-tmp/data_process/02_code/final_code/model/training/fair_vehicle_event_comparison_20260427/run_g15_retrieval_residual.py:305: UserWarning: Glyph 24046 (\N{CJK UNIFIED IDEOGRAPH-5DEE}) missing from font(s) DejaVu Sans.
  fig.savefig(plot_dir / "g15_selected_g11_comparison.png", dpi=170)
/root/autodl-tmp/data_process/02_code/final_code/model/training/fair_vehicle_event_comparison_20260427/run_g15_retrieval_residual.py:305: UserWarning: Glyph 20462 (\N{CJK UNIFIED IDEOGRAPH-4FEE}) missing from font(s) DejaVu Sans.
  fig.savefig(plot_dir / "g15_selected_g11_comparison.png", dpi=170)
/root/autodl-tmp/data_process/02_code/final_code/model/training/fair_vehicle_event_comparison_20260427/run_g15_retrieval_residual.py:305: UserWarning: Glyph 27491 (\N{CJK UNIFIED IDEOGRAPH-6B63}) missing from font(s) DejaVu Sans.
  fig.savefig(plot_dir / "g15_selected_g11_comparison.png", dpi=170)
done: /root/autodl-tmp/data_process/04_project_logs/reports/g15_retrieval_residual_20260512
